Archive member included to satisfy reference by file (symbol)

D:/ST/STM32CubeIDE_1.19.0/STM32CubeIDE/plugins/com.st.stm32cube.ide.mcu.externaltools.gnu-tools-for-stm32.13.3.rel1.win32_1.0.100.202509120712/tools/bin/../lib/gcc/arm-none-eabi/13.3.1/../../../../arm-none-eabi/lib/thumb/v7-m/nofp\libc_nano.a(libc_a-exit.o)
                              D:/ST/STM32CubeIDE_1.19.0/STM32CubeIDE/plugins/com.st.stm32cube.ide.mcu.externaltools.gnu-tools-for-stm32.13.3.rel1.win32_1.0.100.202509120712/tools/bin/../lib/gcc/arm-none-eabi/13.3.1/../../../../arm-none-eabi/lib/thumb/v7-m/nofp/crt0.o (exit)
D:/ST/STM32CubeIDE_1.19.0/STM32CubeIDE/plugins/com.st.stm32cube.ide.mcu.externaltools.gnu-tools-for-stm32.13.3.rel1.win32_1.0.100.202509120712/tools/bin/../lib/gcc/arm-none-eabi/13.3.1/../../../../arm-none-eabi/lib/thumb/v7-m/nofp\libc_nano.a(libc_a-findfp.o)
                              D:/ST/STM32CubeIDE_1.19.0/STM32CubeIDE/plugins/com.st.stm32cube.ide.mcu.externaltools.gnu-tools-for-stm32.13.3.rel1.win32_1.0.100.202509120712/tools/bin/../lib/gcc/arm-none-eabi/13.3.1/../../../../arm-none-eabi/lib/thumb/v7-m/nofp\libc_nano.a(libc_a-exit.o) (__stdio_exit_handler)
D:/ST/STM32CubeIDE_1.19.0/STM32CubeIDE/plugins/com.st.stm32cube.ide.mcu.externaltools.gnu-tools-for-stm32.13.3.rel1.win32_1.0.100.202509120712/tools/bin/../lib/gcc/arm-none-eabi/13.3.1/../../../../arm-none-eabi/lib/thumb/v7-m/nofp\libc_nano.a(libc_a-fwalk.o)
                              D:/ST/STM32CubeIDE_1.19.0/STM32CubeIDE/plugins/com.st.stm32cube.ide.mcu.externaltools.gnu-tools-for-stm32.13.3.rel1.win32_1.0.100.202509120712/tools/bin/../lib/gcc/arm-none-eabi/13.3.1/../../../../arm-none-eabi/lib/thumb/v7-m/nofp\libc_nano.a(libc_a-findfp.o) (_fwalk_sglue)
D:/ST/STM32CubeIDE_1.19.0/STM32CubeIDE/plugins/com.st.stm32cube.ide.mcu.externaltools.gnu-tools-for-stm32.13.3.rel1.win32_1.0.100.202509120712/tools/bin/../lib/gcc/arm-none-eabi/13.3.1/../../../../arm-none-eabi/lib/thumb/v7-m/nofp\libc_nano.a(libc_a-stdio.o)
                              D:/ST/STM32CubeIDE_1.19.0/STM32CubeIDE/plugins/com.st.stm32cube.ide.mcu.externaltools.gnu-tools-for-stm32.13.3.rel1.win32_1.0.100.202509120712/tools/bin/../lib/gcc/arm-none-eabi/13.3.1/../../../../arm-none-eabi/lib/thumb/v7-m/nofp\libc_nano.a(libc_a-findfp.o) (__sread)
D:/ST/STM32CubeIDE_1.19.0/STM32CubeIDE/plugins/com.st.stm32cube.ide.mcu.externaltools.gnu-tools-for-stm32.13.3.rel1.win32_1.0.100.202509120712/tools/bin/../lib/gcc/arm-none-eabi/13.3.1/../../../../arm-none-eabi/lib/thumb/v7-m/nofp\libc_nano.a(libc_a-memset.o)
                              D:/ST/STM32CubeIDE_1.19.0/STM32CubeIDE/plugins/com.st.stm32cube.ide.mcu.externaltools.gnu-tools-for-stm32.13.3.rel1.win32_1.0.100.202509120712/tools/bin/../lib/gcc/arm-none-eabi/13.3.1/../../../../arm-none-eabi/lib/thumb/v7-m/nofp/crt0.o (memset)
D:/ST/STM32CubeIDE_1.19.0/STM32CubeIDE/plugins/com.st.stm32cube.ide.mcu.externaltools.gnu-tools-for-stm32.13.3.rel1.win32_1.0.100.202509120712/tools/bin/../lib/gcc/arm-none-eabi/13.3.1/../../../../arm-none-eabi/lib/thumb/v7-m/nofp\libc_nano.a(libc_a-closer.o)
                              D:/ST/STM32CubeIDE_1.19.0/STM32CubeIDE/plugins/com.st.stm32cube.ide.mcu.externaltools.gnu-tools-for-stm32.13.3.rel1.win32_1.0.100.202509120712/tools/bin/../lib/gcc/arm-none-eabi/13.3.1/../../../../arm-none-eabi/lib/thumb/v7-m/nofp\libc_nano.a(libc_a-stdio.o) (_close_r)
D:/ST/STM32CubeIDE_1.19.0/STM32CubeIDE/plugins/com.st.stm32cube.ide.mcu.externaltools.gnu-tools-for-stm32.13.3.rel1.win32_1.0.100.202509120712/tools/bin/../lib/gcc/arm-none-eabi/13.3.1/../../../../arm-none-eabi/lib/thumb/v7-m/nofp\libc_nano.a(libc_a-reent.o)
                              D:/ST/STM32CubeIDE_1.19.0/STM32CubeIDE/plugins/com.st.stm32cube.ide.mcu.externaltools.gnu-tools-for-stm32.13.3.rel1.win32_1.0.100.202509120712/tools/bin/../lib/gcc/arm-none-eabi/13.3.1/../../../../arm-none-eabi/lib/thumb/v7-m/nofp\libc_nano.a(libc_a-closer.o) (errno)
D:/ST/STM32CubeIDE_1.19.0/STM32CubeIDE/plugins/com.st.stm32cube.ide.mcu.externaltools.gnu-tools-for-stm32.13.3.rel1.win32_1.0.100.202509120712/tools/bin/../lib/gcc/arm-none-eabi/13.3.1/../../../../arm-none-eabi/lib/thumb/v7-m/nofp\libc_nano.a(libc_a-impure.o)
                              D:/ST/STM32CubeIDE_1.19.0/STM32CubeIDE/plugins/com.st.stm32cube.ide.mcu.externaltools.gnu-tools-for-stm32.13.3.rel1.win32_1.0.100.202509120712/tools/bin/../lib/gcc/arm-none-eabi/13.3.1/../../../../arm-none-eabi/lib/thumb/v7-m/nofp\libc_nano.a(libc_a-reent.o) (_impure_ptr)
D:/ST/STM32CubeIDE_1.19.0/STM32CubeIDE/plugins/com.st.stm32cube.ide.mcu.externaltools.gnu-tools-for-stm32.13.3.rel1.win32_1.0.100.202509120712/tools/bin/../lib/gcc/arm-none-eabi/13.3.1/../../../../arm-none-eabi/lib/thumb/v7-m/nofp\libc_nano.a(libc_a-lseekr.o)
[...]
Memory Configuration

Name             Origin             Length             Attributes
RAM              0x20000000         0x00005000         xrw
FLASH            0x08000000         0x00010000         xr
*default*        0x00000000         0xffffffff

Linker script and memory map

LOAD D:/ST/STM32CubeIDE_1.19.0/STM32CubeIDE/plugins/com.st.stm32cube.ide.mcu.externaltools.gnu-tools-for-stm32.13.3.rel1.win32_1.0.100.202509120712/tools/bin/../lib/gcc/arm-none-eabi/13.3.1/thumb/v7-m/nofp/crti.o
LOAD D:/ST/STM32CubeIDE_1.19.0/STM32CubeIDE/plugins/com.st.stm32cube.ide.mcu.externaltools.gnu-tools-for-stm32.13.3.rel1.win32_1.0.100.202509120712/tools/bin/../lib/gcc/arm-none-eabi/13.3.1/thumb/v7-m/nofp/crtbegin.o
LOAD D:/ST/STM32CubeIDE_1.19.0/STM32CubeIDE/plugins/com.st.stm32cube.ide.mcu.externaltools.gnu-tools-for-stm32.13.3.rel1.win32_1.0.100.202509120712/tools/bin/../lib/gcc/arm-none-eabi/13.3.1/../../../../arm-none-eabi/lib/thumb/v7-m/nofp/crt0.o
LOAD ./Core/Src/DWT_Delay.o
LOAD ./Core/Src/STEPPER.o
LOAD ./Core/Src/STEPPER_cfg.o
LOAD ./Core/Src/Timer_Delay.o
LOAD ./Core/Src/lens_control.o
LOAD ./Core/Src/main.o
LOAD ./Core/Src/pelco_preset.o
LOAD ./Core/Src/stm32f1xx_hal_msp.o
LOAD ./Core/Src/stm32f1xx_it.o
LOAD ./Core/Src/syscalls.o
LOAD ./Core/Src/sysmem.o
LOAD ./Core/Src/system_stm32f1xx.o
LOAD ./Core/Startup/startup_stm32f103c8tx.o
LOAD ./Drivers/STM32F1xx_HAL_Driver/Src/stm32f1xx_hal.o
LOAD ./Drivers/STM32F1xx_HAL_Driver/Src/stm32f1xx_hal_cortex.o
LOAD ./Drivers/STM32F1xx_HAL_Driver/Src/stm32f1xx_hal_dma.o
LOAD ./Drivers/STM32F1xx_HAL_Driver/Src/stm32f1xx_hal_exti.o
LOAD ./Drivers/STM32F1xx_HAL_Driver/Src/stm32f1xx_hal_flash.o
LOAD ./Drivers/STM32F1xx_HAL_Driver/Src/stm32f1xx_hal_flash_ex.o
LOAD ./Drivers/STM32F1xx_HAL_Driver/Src/stm32f1xx_hal_gpio.o
LOAD ./Drivers/STM32F1xx_HAL_Driver/Src/stm32f1xx_hal_gpio_ex.o
LOAD ./Drivers/STM32F1xx_HAL_Driver/Src/stm32f1xx_hal_pwr.o
LOAD ./Drivers/STM32F1xx_HAL_Driver/Src/stm32f1xx_hal_rcc.o
LOAD ./Drivers/STM32F1xx_HAL_Driver/Src/stm32f1xx_hal_rcc_ex.o
LOAD ./Drivers/STM32F1xx_HAL_Driver/Src/stm32f1xx_hal_spi.o
LOAD ./Drivers/STM32F1xx_HAL_Driver/Src/stm32f1xx_hal_tim.o
LOAD ./Drivers/STM32F1xx_HAL_Driver/Src/stm32f1xx_hal_tim_ex.o
LOAD ./Drivers/STM32F1xx_HAL_Driver/Src/stm32f1xx_hal_uart.o
START GROUP
LOAD D:/ST/STM32CubeIDE_1.19.0/STM32CubeIDE/plugins/com.st.stm32cube.ide.mcu.externaltools.gnu-tools-for-stm32.13.3.rel1.win32_1.0.100.202509120712/tools/bin/../lib/gcc/arm-none-eabi/13.3.1/../../../../arm-none-eabi/lib/thumb/v7-m/nofp\libc_nano.a
LOAD D:/ST/STM32CubeIDE_1.19.0/STM32CubeIDE/plugins/com.st.stm32cube.ide.mcu.externaltools.gnu-tools-for-stm32.13.3.rel1.win32_1.0.100.202509120712/tools/bin/../lib/gcc/arm-none-eabi/13.3.1/../../../../arm-none-eabi/lib/thumb/v7-m/nofp\libm.a
END GROUP
START GROUP
LOAD D:/ST/STM32CubeIDE_1.19.0/STM32CubeIDE/plugins/com.st.stm32cube.ide.mcu.externaltools.gnu-tools-for-stm32.13.3.rel1.win32_1.0.100.202509120712/tools/bin/../lib/gcc/arm-none-eabi/13.3.1/thumb/v7-m/nofp\libgcc.a
LOAD D:/ST/STM32CubeIDE_1.19.0/STM32CubeIDE/plugins/com.st.stm32cube.ide.mcu.externaltools.gnu-tools-for-stm32.13.3.rel1.win32_1.0.100.202509120712/tools/bin/../lib/gcc/arm-none-eabi/13.3.1/../../../../arm-none-eabi/lib/thumb/v7-m/nofp\libc_nano.a
END GROUP
START GROUP
LOAD D:/ST/STM32CubeIDE_1.19.0/STM32CubeIDE/plugins/com.st.stm32cube.ide.mcu.externaltools.gnu-tools-for-stm32.13.3.rel1.win32_1.0.100.202509120712/tools/bin/../lib/gcc/arm-none-eabi/13.3.1/thumb/v7-m/nofp\libgcc.a
LOAD D:/ST/STM32CubeIDE_1.19.0/STM32CubeIDE/plugins/com.st.stm32cube.ide.mcu.externaltools.gnu-tools-for-stm32.13.3.rel1.win32_1.0.100.202509120712/tools/bin/../lib/gcc/arm-none-eabi/13.3.1/../../../../arm-none-eabi/lib/thumb/v7-m/nofp\libc_nano.a
LOAD D:/ST/STM32CubeIDE_1.19.0/STM32CubeIDE/plugins/com.st.stm32cube.ide.mcu.externaltools.gnu-tools-for-stm32.13.3.rel1.win32_1.0.100.202509120712/tools/bin/../lib/gcc/arm-none-eabi/13.3.1/../../../../arm-none-eabi/lib/thumb/v7-m/nofp\libnosys.a
END GROUP
START GROUP
LOAD D:/ST/STM32CubeIDE_1.19.0/STM32CubeIDE/plugins/com.st.stm32cube.ide.mcu.externaltools.gnu-tools-for-stm32.13.3.rel1.win32_1.0.100.202509120712/tools/bin/../lib/gcc/arm-none-eabi/13.3.1/thumb/v7-m/nofp\libgcc.a
LOAD D:/ST/STM32CubeIDE_1.19.0/STM32CubeIDE/plugins/com.st.stm32cube.ide.mcu.externaltools.gnu-tools-for-stm32.13.3.rel1.win32_1.0.100.202509120712/tools/bin/../lib/gcc/arm-none-eabi/13.3.1/../../../../arm-none-eabi/lib/thumb/v7-m/nofp\libc_nano.a
LOAD D:/ST/STM32CubeIDE_1.19.0/STM32CubeIDE/plugins/com.st.stm32cube.ide.mcu.externaltools.gnu-tools-for-stm32.13.3.rel1.win32_1.0.100.202509120712/tools/bin/../lib/gcc/arm-none-eabi/13.3.1/../../../../arm-none-eabi/lib/thumb/v7-m/nofp\libnosys.a
END GROUP
LOAD D:/ST/STM32CubeIDE_1.19.0/STM32CubeIDE/plugins/com.st.stm32cube.ide.mcu.externaltools.gnu-tools-for-stm32.13.3.rel1.win32_1.0.100.202509120712/tools/bin/../lib/gcc/arm-none-eabi/13.3.1/thumb/v7-m/nofp/crtend.o
LOAD D:/ST/STM32CubeIDE_1.19.0/STM32CubeIDE/plugins/com.st.stm32cube.ide.mcu.externaltools.gnu-tools-for-stm32.13.3.rel1.win32_1.0.100.202509120712/tools/bin/../lib/gcc/arm-none-eabi/13.3.1/thumb/v7-m/nofp/crtn.o
                0x20005000                        _estack = (ORIGIN (RAM) + LENGTH (RAM))
                0x00000200                        _Min_Heap_Size = 0x200
                0x00000400                        _Min_Stack_Size = 0x400

.isr_vector     0x08000000      0x10c
                0x08000000                        . = ALIGN (0x4)
 *(.isr_vector)
 .isr_vector    0x08000000      0x10c ./Core/Startup/startup_stm32f103c8tx.o
                0x08000000                g_pfnVectors
                0x0800010c                        . = ALIGN (0x4)

.text           0x08000110     0x6230
                0x08000110                        . = ALIGN (0x4)
 *(.text)
 .text          0x08000110       0x40 D:/ST/STM32CubeIDE_1.19.0/STM32CubeIDE/plugins/com.st.stm32cube.ide.mcu.externaltools.gnu-tools-for-stm32.13.3.rel1.win32_1.0.100.202509120712/tools/bin/../lib/gcc/arm-none-eabi/13.3.1/thumb/v7-m/nofp/crtbegin.o
 .text          0x08000150      0x378 D:/ST/STM32CubeIDE_1.19.0/STM32CubeIDE/plugins/com.st.stm32cube.ide.mcu.externaltools.gnu-tools-for-stm32.13.3.rel1.win32_1.0.100.202509120712/tools/bin/../lib/gcc/arm-none-eabi/13.3.1/thumb/v7-m/nofp\libgcc.a(_arm_addsubdf3.o)
                0x08000150                __aeabi_drsub
                0x08000158                __aeabi_dsub
                0x08000158                __subdf3
                0x0800015c                __aeabi_dadd
                0x0800015c                __adddf3
                0x080003d4                __floatunsidf
                0x080003d4                __aeabi_ui2d
                0x080003f4                __floatsidf
                0x080003f4                __aeabi_i2d
                0x08000418                __aeabi_f2d
                0x08000418                __extendsfdf2
                0x0800045c                __floatundidf
                0x0800045c                __aeabi_ul2d
                0x0800046c                __floatdidf
                0x0800046c                __aeabi_l2d
 .text          0x080004c8      0x424 D:/ST/STM32CubeIDE_1.19.0/STM32CubeIDE/plugins/com.st.stm32cube.ide.mcu.externaltools.gnu-tools-for-stm32.13.3.rel1.win32_1.0.100.202509120712/tools/bin/../lib/gcc/arm-none-eabi/13.3.1/thumb/v7-m/nofp\libgcc.a(_arm_muldivdf3.o)
                0x080004c8                __aeabi_dmul
                0x080004c8                __muldf3
                0x0800071c                __divdf3
                0x0800071c                __aeabi_ddiv
 .text          0x080008ec       0x40 D:/ST/STM32CubeIDE_1.19.0/STM32CubeIDE/plugins/com.st.stm32cube.ide.mcu.externaltools.gnu-tools-for-stm32.13.3.rel1.win32_1.0.100.202509120712/tools/bin/../lib/gcc/arm-none-eabi/13.3.1/thumb/v7-m/nofp\libgcc.a(_arm_fixunsdfsi.o)
                0x080008ec                __aeabi_d2uiz
                0x080008ec                __fixunsdfsi
 .text          0x0800092c      0x21c D:/ST/STM32CubeIDE_1.19.0/STM32CubeIDE/plugins/com.st.stm32cube.ide.mcu.externaltools.gnu-tools-for-stm32.13.3.rel1.win32_1.0.100.202509120712/tools/bin/../lib/gcc/arm-none-eabi/13.3.1/thumb/v7-m/nofp\libgcc.a(_arm_addsubsf3.o)
                0x0800092c                __aeabi_frsub
                0x08000934                __subsf3
                0x08000934                __aeabi_fsub
                0x08000938                __aeabi_fadd
                0x08000938                __addsf3
                0x08000a98                __aeabi_ui2f
                0x08000a98                __floatunsisf
                0x08000aa0                __aeabi_i2f
                0x08000aa0                __floatsisf
                0x08000abc                __aeabi_ul2f
                0x08000abc                __floatundisf
                0x08000acc                __aeabi_l2f
                0x08000acc                __floatdisf
 .text          0x08000b48      0x2a0 D:/ST/STM32CubeIDE_1.19.0/STM32CubeIDE/plugins/com.st.stm32cube.ide.mcu.externaltools.gnu-tools-for-stm32.13.3.rel1.win32_1.0.100.202509120712/tools/bin/../lib/gcc/arm-none-eabi/13.3.1/thumb/v7-m/nofp\libgcc.a(_arm_muldivsf3.o)
                0x08000b48                __mulsf3
                0x08000b48                __aeabi_fmul
                0x08000cb0                __aeabi_fdiv
                0x08000cb0                __divsf3
 .text          0x08000de8       0x4c D:/ST/STM32CubeIDE_1.19.0/STM32CubeIDE/plugins/com.st.stm32cube.ide.mcu.externaltools.gnu-tools-for-stm32.13.3.rel1.win32_1.0.100.202509120712/tools/bin/../lib/gcc/arm-none-eabi/13.3.1/thumb/v7-m/nofp\libgcc.a(_arm_fixsfsi.o)
                0x08000de8                __aeabi_f2iz
                0x08000de8                __fixsfsi
 *(.text*)
 .text.DWT_Delay_Init
                0x08000e34       0x60 ./Core/Src/DWT_Delay.o
                0x08000e34                DWT_Delay_Init
 .text.DWT_Delay_ms
                0x08000e94       0x4c ./Core/Src/STEPPER.o
 .text.stepper_min_pos
                0x08000ee0       0x50 ./Core/Src/STEPPER.o
 .text.stepper_max_pos
                0x08000f30       0x46 ./Core/Src/STEPPER.o
 *fill*         0x08000f76        0x2 
 .text.STEPPERS_Init
                0x08000f78      0x234 ./Core/Src/STEPPER.o
                0x08000f78                STEPPERS_Init
 .text.STEPPERS_Init_TMR
                0x080011ac       0x90 ./Core/Src/STEPPER.o
                0x080011ac                STEPPERS_Init_TMR
 *fill*         0x0800123c        0x4 
 .text.STEPPER_SetSpeed
                0x08001240      0x134 ./Core/Src/STEPPER.o
                0x08001240                STEPPER_SetSpeed
 .text.STEPPER_One_Step
                0x08001374      0x334 ./Core/Src/STEPPER.o
 .text.STEPPER_Step_NonBlocking
                0x080016a8      0x12c ./Core/Src/STEPPER.o
                0x080016a8                STEPPER_Step_NonBlocking
 .text.STEPPER_Stop
                0x080017d4       0x2c ./Core/Src/STEPPER.o
                0x080017d4                STEPPER_Stop
 .text.STEPPER_TMR_OVF_ISR
                0x08001800      0x268 ./Core/Src/STEPPER.o
                0x08001800                STEPPER_TMR_OVF_ISR
 .text.STEPPER_AUTO_PTZ_CENTER
                0x08001a68      0x14c ./Core/Src/STEPPER.o
                0x08001a68                STEPPER_AUTO_PTZ_CENTER
 .text.STEPPER_AUTO_FZ_CENTER
                0x08001bb4      0x13c ./Core/Src/STEPPER.o
                0x08001bb4                STEPPER_AUTO_FZ_CENTER
 .text.STEPPER_GetMotorPos
                0x08001cf0       0x38 ./Core/Src/STEPPER.o
                0x08001cf0                STEPPER_GetMotorPos
 .text.Lens_Init
                0x08001d28       0x2c ./Core/Src/lens_control.o
                0x08001d28                Lens_Init
 .text.Lens_CalculateFocus
                0x08001d54      0x100 ./Core/Src/lens_control.o
                0x08001d54                Lens_CalculateFocus
 .text.Lens_SyncFocus
                0x08001e54       0x64 ./Core/Src/lens_control.o
                0x08001e54                Lens_SyncFocus
 .text.Lens_ZoomMove
                0x08001eb8       0x3c ./Core/Src/lens_control.o
                0x08001eb8                Lens_ZoomMove
 .text.Lens_FocusMove
                0x08001ef4       0x3c ./Core/Src/lens_control.o
                0x08001ef4                Lens_FocusMove
 .text.Lens_Stop
                0x08001f30       0x24 ./Core/Src/lens_control.o
                0x08001f30                Lens_Stop
 .text.Lens_Process
                0x08001f54       0x20 ./Core/Src/lens_control.o
                0x08001f54                Lens_Process
 .text.Lens_HandleAFValue
                0x08001f74       0x20 ./Core/Src/lens_control.o
                0x08001f74                Lens_HandleAFValue
 .text.Pelco_Parse
                0x08001f94      0x110 ./Core/Src/main.o
                0x08001f94                Pelco_Parse
 .text.PTZ_SelfTest_And_Center
                0x080020a4       0x1c ./Core/Src/main.o
                0x080020a4                PTZ_SelfTest_And_Center
 .text.FZ_SelfTest_And_Center
                0x080020c0       0x1c ./Core/Src/main.o
                0x080020c0                FZ_SelfTest_And_Center
 .text.check_sum
                0x080020dc       0x42 ./Core/Src/main.o
                0x080020dc                check_sum
 *fill*         0x0800211e        0x2 
 .text.main     0x08002120      0x45c ./Core/Src/main.o
                0x08002120                main
 .text.SystemClock_Config
                0x0800257c       0x8a ./Core/Src/main.o
                0x0800257c                SystemClock_Config
 *fill*         0x08002606        0x2 
 .text.MX_SPI2_Init
                0x08002608       0x70 ./Core/Src/main.o
 .text.MX_TIM2_Init
                0x08002678       0x98 ./Core/Src/main.o
 .text.MX_TIM3_Init
                0x08002710       0xec ./Core/Src/main.o
 .text.MX_TIM4_Init
                0x080027fc       0xec ./Core/Src/main.o
 .text.MX_USART1_UART_Init
                0x080028e8       0x54 ./Core/Src/main.o
 .text.MX_USART3_UART_Init
                0x0800293c       0x54 ./Core/Src/main.o
 .text.MX_GPIO_Init
                0x08002990      0x164 ./Core/Src/main.o
 .text.HAL_UARTEx_RxEventCallback
                0x08002af4       0xa4 ./Core/Src/main.o
                0x08002af4                HAL_UARTEx_RxEventCallback
 .text.HAL_UART_TxCpltCallback
                0x08002b98       0x2c ./Core/Src/main.o
                0x08002b98                HAL_UART_TxCpltCallback
 .text.HAL_TIM_PeriodElapsedCallback
                0x08002bc4       0x24 ./Core/Src/main.o
                0x08002bc4                HAL_TIM_PeriodElapsedCallback
 .text.Error_Handler
                0x08002be8        0xc ./Core/Src/main.o
                0x08002be8                Error_Handler
 .text.FLASH_WritePresetTable
                0x08002bf4       0xe4 ./Core/Src/pelco_preset.o
 .text.STEPPER_SET_PRESET
                0x08002cd8       0x70 ./Core/Src/pelco_preset.o
                0x08002cd8                STEPPER_SET_PRESET
 .text.STEPPER_CLEAR_PRESET
                0x08002d48       0x3c ./Core/Src/pelco_preset.o
                0x08002d48                STEPPER_CLEAR_PRESET
 .text.STEPPER_GOTO_PRESET
                0x08002d84       0xc8 ./Core/Src/pelco_preset.o
                0x08002d84                STEPPER_GOTO_PRESET
 .text.STEPPER_GOTO_POS
                0x08002e4c       0x7a ./Core/Src/pelco_preset.o
                0x08002e4c                STEPPER_GOTO_POS
 *fill*         0x08002ec6        0x2 
 .text.HAL_MspInit
                0x08002ec8       0x64 ./Core/Src/stm32f1xx_hal_msp.o
                0x08002ec8                HAL_MspInit
 .text.HAL_SPI_MspInit
                0x08002f2c       0x98 ./Core/Src/stm32f1xx_hal_msp.o
                0x08002f2c                HAL_SPI_MspInit
 .text.HAL_TIM_Base_MspInit
                0x08002fc4       0x98 ./Core/Src/stm32f1xx_hal_msp.o
                0x08002fc4                HAL_TIM_Base_MspInit
 .text.HAL_TIM_MspPostInit
                0x0800305c       0xd0 ./Core/Src/stm32f1xx_hal_msp.o
                0x0800305c                HAL_TIM_MspPostInit
 .text.HAL_UART_MspInit
                0x0800312c      0x148 ./Core/Src/stm32f1xx_hal_msp.o
                0x0800312c                HAL_UART_MspInit
 .text.NMI_Handler
                0x08003274        0x8 ./Core/Src/stm32f1xx_it.o
                0x08003274                NMI_Handler
 .text.HardFault_Handler
                0x0800327c        0x8 ./Core/Src/stm32f1xx_it.o
                0x0800327c                HardFault_Handler
 .text.MemManage_Handler
                0x08003284        0x8 ./Core/Src/stm32f1xx_it.o
                0x08003284                MemManage_Handler
 .text.BusFault_Handler
                0x0800328c        0x8 ./Core/Src/stm32f1xx_it.o
                0x0800328c                BusFault_Handler
 .text.UsageFault_Handler
                0x08003294        0x8 ./Core/Src/stm32f1xx_it.o
                0x08003294                UsageFault_Handler
 .text.SVC_Handler
                0x0800329c        0xc ./Core/Src/stm32f1xx_it.o
                0x0800329c                SVC_Handler
 .text.DebugMon_Handler
                0x080032a8        0xc ./Core/Src/stm32f1xx_it.o
                0x080032a8                DebugMon_Handler
 .text.PendSV_Handler
                0x080032b4        0xc ./Core/Src/stm32f1xx_it.o
                0x080032b4                PendSV_Handler
 .text.SysTick_Handler
                0x080032c0        0xc ./Core/Src/stm32f1xx_it.o
                0x080032c0                SysTick_Handler
 .text.TIM2_IRQHandler
                0x080032cc       0x14 ./Core/Src/stm32f1xx_it.o
                0x080032cc                TIM2_IRQHandler
 .text.USART1_IRQHandler
                0x080032e0       0x14 ./Core/Src/stm32f1xx_it.o
                0x080032e0                USART1_IRQHandler
 .text.USART3_IRQHandler
                0x080032f4       0x14 ./Core/Src/stm32f1xx_it.o
                0x080032f4                USART3_IRQHandler
 .text.SystemInit
                0x08003308        0xc ./Core/Src/system_stm32f1xx.o
                0x08003308                SystemInit
 .text.Reset_Handler
                0x08003314       0x48 ./Core/Startup/startup_stm32f103c8tx.o
                0x08003314                Reset_Handler
 .text.Default_Handler
                0x0800335c        0x2 ./Core/Startup/startup_stm32f103c8tx.o
                0x0800335c                RTC_Alarm_IRQHandler
                0x0800335c                EXTI2_IRQHandler
                0x0800335c                TIM1_CC_IRQHandler
                0x0800335c                PVD_IRQHandler
                0x0800335c                EXTI3_IRQHandler
                0x0800335c                EXTI0_IRQHandler
                0x0800335c                I2C2_EV_IRQHandler
                0x0800335c                ADC1_2_IRQHandler
                0x0800335c                SPI1_IRQHandler
                0x0800335c                TAMPER_IRQHandler
                0x0800335c                DMA1_Channel4_IRQHandler
                0x0800335c                RTC_IRQHandler
                0x0800335c                DMA1_Channel7_IRQHandler
                0x0800335c                CAN1_RX1_IRQHandler
                0x0800335c                TIM4_IRQHandler
                0x0800335c                I2C1_EV_IRQHandler
                0x0800335c                DMA1_Channel6_IRQHandler
                0x0800335c                TIM3_IRQHandler
                0x0800335c                RCC_IRQHandler
                0x0800335c                TIM1_TRG_COM_IRQHandler
                0x0800335c                DMA1_Channel1_IRQHandler
                0x0800335c                Default_Handler
                0x0800335c                EXTI15_10_IRQHandler
                0x0800335c                EXTI9_5_IRQHandler
                0x0800335c                SPI2_IRQHandler
                0x0800335c                DMA1_Channel5_IRQHandler
                0x0800335c                EXTI4_IRQHandler
                0x0800335c                USB_LP_CAN1_RX0_IRQHandler
                0x0800335c                USB_HP_CAN1_TX_IRQHandler
                0x0800335c                DMA1_Channel3_IRQHandler
                0x0800335c                TIM1_UP_IRQHandler
                0x0800335c                WWDG_IRQHandler
                0x0800335c                TIM1_BRK_IRQHandler
                0x0800335c                EXTI1_IRQHandler
                0x0800335c                USART2_IRQHandler
                0x0800335c                I2C2_ER_IRQHandler
                0x0800335c                DMA1_Channel2_IRQHandler
                0x0800335c                CAN1_SCE_IRQHandler
                0x0800335c                FLASH_IRQHandler
                0x0800335c                I2C1_ER_IRQHandler
                0x0800335c                USBWakeUp_IRQHandler
 *fill*         0x0800335e        0x2 
 .text.HAL_Init
                0x08003360       0x2c ./Drivers/STM32F1xx_HAL_Driver/Src/stm32f1xx_hal.o
                0x08003360                HAL_Init
 .text.HAL_InitTick
                0x0800338c       0x60 ./Drivers/STM32F1xx_HAL_Driver/Src/stm32f1xx_hal.o
                0x0800338c                HAL_InitTick
 .text.HAL_IncTick
                0x080033ec       0x24 ./Drivers/STM32F1xx_HAL_Driver/Src/stm32f1xx_hal.o
                0x080033ec                HAL_IncTick
 .text.HAL_GetTick
                0x08003410       0x14 ./Drivers/STM32F1xx_HAL_Driver/Src/stm32f1xx_hal.o
                0x08003410                HAL_GetTick
 .text.HAL_Delay
                0x08003424       0x48 ./Drivers/STM32F1xx_HAL_Driver/Src/stm32f1xx_hal.o
                0x08003424                HAL_Delay
 .text.__NVIC_SetPriorityGrouping
                0x0800346c       0x48 ./Drivers/STM32F1xx_HAL_Driver/Src/stm32f1xx_hal_cortex.o
 .text.__NVIC_GetPriorityGrouping
                0x080034b4       0x1c ./Drivers/STM32F1xx_HAL_Driver/Src/stm32f1xx_hal_cortex.o
 .text.__NVIC_EnableIRQ
                0x080034d0       0x38 ./Drivers/STM32F1xx_HAL_Driver/Src/stm32f1xx_hal_cortex.o
 .text.__NVIC_SetPriority
                0x08003508       0x54 ./Drivers/STM32F1xx_HAL_Driver/Src/stm32f1xx_hal_cortex.o
 .text.NVIC_EncodePriority
                0x0800355c       0x64 ./Drivers/STM32F1xx_HAL_Driver/Src/stm32f1xx_hal_cortex.o
 .text.SysTick_Config
                0x080035c0       0x44 ./Drivers/STM32F1xx_HAL_Driver/Src/stm32f1xx_hal_cortex.o
 .text.HAL_NVIC_SetPriorityGrouping
                0x08003604       0x16 ./Drivers/STM32F1xx_HAL_Driver/Src/stm32f1xx_hal_cortex.o
                0x08003604                HAL_NVIC_SetPriorityGrouping
 .text.HAL_NVIC_SetPriority
                0x0800361a       0x38 ./Drivers/STM32F1xx_HAL_Driver/Src/stm32f1xx_hal_cortex.o
                0x0800361a                HAL_NVIC_SetPriority
 .text.HAL_NVIC_EnableIRQ
                0x08003652       0x1c ./Drivers/STM32F1xx_HAL_Driver/Src/stm32f1xx_hal_cortex.o
                0x08003652                HAL_NVIC_EnableIRQ
 .text.HAL_SYSTICK_Config
                0x0800366e       0x18 ./Drivers/STM32F1xx_HAL_Driver/Src/stm32f1xx_hal_cortex.o
                0x0800366e                HAL_SYSTICK_Config
 .text.HAL_DMA_Abort
                0x08003686       0x76 ./Drivers/STM32F1xx_HAL_Driver/Src/stm32f1xx_hal_dma.o
                0x08003686                HAL_DMA_Abort
 .text.HAL_DMA_Abort_IT
                0x080036fc       0xf0 ./Drivers/STM32F1xx_HAL_Driver/Src/stm32f1xx_hal_dma.o
                0x080036fc                HAL_DMA_Abort_IT
 .text.HAL_FLASH_Program
                0x080037ec       0xe0 ./Drivers/STM32F1xx_HAL_Driver/Src/stm32f1xx_hal_flash.o
                0x080037ec                HAL_FLASH_Program
 .text.HAL_FLASH_Unlock
                0x080038cc       0x4c ./Drivers/STM32F1xx_HAL_Driver/Src/stm32f1xx_hal_flash.o
                0x080038cc                HAL_FLASH_Unlock
 .text.HAL_FLASH_Lock
                0x08003918       0x20 ./Drivers/STM32F1xx_HAL_Driver/Src/stm32f1xx_hal_flash.o
                0x08003918                HAL_FLASH_Lock
 .text.FLASH_Program_HalfWord
                0x08003938       0x38 ./Drivers/STM32F1xx_HAL_Driver/Src/stm32f1xx_hal_flash.o
 .text.FLASH_WaitForLastOperation
                0x08003970       0x8c ./Drivers/STM32F1xx_HAL_Driver/Src/stm32f1xx_hal_flash.o
                0x08003970                FLASH_WaitForLastOperation
 .text.FLASH_SetErrorCode
                0x080039fc       0xa0 ./Drivers/STM32F1xx_HAL_Driver/Src/stm32f1xx_hal_flash.o
 .text.HAL_FLASHEx_Erase
                0x08003a9c       0xd8 ./Drivers/STM32F1xx_HAL_Driver/Src/stm32f1xx_hal_flash_ex.o
                0x08003a9c                HAL_FLASHEx_Erase
 .text.FLASH_MassErase
                0x08003b74       0x38 ./Drivers/STM32F1xx_HAL_Driver/Src/stm32f1xx_hal_flash_ex.o
 .text.FLASH_PageErase
                0x08003bac       0x40 ./Drivers/STM32F1xx_HAL_Driver/Src/stm32f1xx_hal_flash_ex.o
                0x08003bac                FLASH_PageErase
 .text.HAL_GPIO_Init
                0x08003bec      0x308 ./Drivers/STM32F1xx_HAL_Driver/Src/stm32f1xx_hal_gpio.o
                0x08003bec                HAL_GPIO_Init
 .text.HAL_GPIO_WritePin
                0x08003ef4       0x30 ./Drivers/STM32F1xx_HAL_Driver/Src/stm32f1xx_hal_gpio.o
                0x08003ef4                HAL_GPIO_WritePin
 .text.HAL_RCC_OscConfig
                0x08003f24      0x504 ./Drivers/STM32F1xx_HAL_Driver/Src/stm32f1xx_hal_rcc.o
                0x08003f24                HAL_RCC_OscConfig
 .text.HAL_RCC_ClockConfig
                0x08004428      0x1d4 ./Drivers/STM32F1xx_HAL_Driver/Src/stm32f1xx_hal_rcc.o
                0x08004428                HAL_RCC_ClockConfig
 .text.HAL_RCC_GetSysClockFreq
                0x080045fc       0xa8 ./Drivers/STM32F1xx_HAL_Driver/Src/stm32f1xx_hal_rcc.o
                0x080045fc                HAL_RCC_GetSysClockFreq
 .text.HAL_RCC_GetHCLKFreq
                0x080046a4       0x14 ./Drivers/STM32F1xx_HAL_Driver/Src/stm32f1xx_hal_rcc.o
                0x080046a4                HAL_RCC_GetHCLKFreq
 .text.HAL_RCC_GetPCLK1Freq
                0x080046b8       0x28 ./Drivers/STM32F1xx_HAL_Driver/Src/stm32f1xx_hal_rcc.o
                0x080046b8                HAL_RCC_GetPCLK1Freq
 .text.HAL_RCC_GetPCLK2Freq
                0x080046e0       0x28 ./Drivers/STM32F1xx_HAL_Driver/Src/stm32f1xx_hal_rcc.o
                0x080046e0                HAL_RCC_GetPCLK2Freq
 .text.RCC_Delay
                0x08004708       0x3c ./Drivers/STM32F1xx_HAL_Driver/Src/stm32f1xx_hal_rcc.o
 .text.HAL_SPI_Init
                0x08004744      0x108 ./Drivers/STM32F1xx_HAL_Driver/Src/stm32f1xx_hal_spi.o
                0x08004744                HAL_SPI_Init
 .text.HAL_TIM_Base_Init
                0x0800484c       0x9e ./Drivers/STM32F1xx_HAL_Driver/Src/stm32f1xx_hal_tim.o
                0x0800484c                HAL_TIM_Base_Init
 *fill*         0x080048ea        0x2 
 .text.HAL_TIM_Base_Start_IT
                0x080048ec       0xa4 ./Drivers/STM32F1xx_HAL_Driver/Src/stm32f1xx_hal_tim.o
                0x080048ec                HAL_TIM_Base_Start_IT
 .text.HAL_TIM_PWM_Init
                0x08004990       0x9e ./Drivers/STM32F1xx_HAL_Driver/Src/stm32f1xx_hal_tim.o
                0x08004990                HAL_TIM_PWM_Init
 .text.HAL_TIM_PWM_MspInit
                0x08004a2e       0x12 ./Drivers/STM32F1xx_HAL_Driver/Src/stm32f1xx_hal_tim.o
                0x08004a2e                HAL_TIM_PWM_MspInit
 .text.HAL_TIM_PWM_Start
                0x08004a40      0x144 ./Drivers/STM32F1xx_HAL_Driver/Src/stm32f1xx_hal_tim.o
                0x08004a40                HAL_TIM_PWM_Start
 .text.HAL_TIM_IRQHandler
                0x08004b84      0x1e0 ./Drivers/STM32F1xx_HAL_Driver/Src/stm32f1xx_hal_tim.o
                0x08004b84                HAL_TIM_IRQHandler
 .text.HAL_TIM_PWM_ConfigChannel
                0x08004d64      0x184 ./Drivers/STM32F1xx_HAL_Driver/Src/stm32f1xx_hal_tim.o
                0x08004d64                HAL_TIM_PWM_ConfigChannel
 .text.HAL_TIM_ConfigClockSource
                0x08004ee8      0x18e ./Drivers/STM32F1xx_HAL_Driver/Src/stm32f1xx_hal_tim.o
                0x08004ee8                HAL_TIM_ConfigClockSource
 .text.HAL_TIM_OC_DelayElapsedCallback
                0x08005076       0x12 ./Drivers/STM32F1xx_HAL_Driver/Src/stm32f1xx_hal_tim.o
                0x08005076                HAL_TIM_OC_DelayElapsedCallback
 .text.HAL_TIM_IC_CaptureCallback
                0x08005088       0x12 ./Drivers/STM32F1xx_HAL_Driver/Src/stm32f1xx_hal_tim.o
                0x08005088                HAL_TIM_IC_CaptureCallback
 .text.HAL_TIM_PWM_PulseFinishedCallback
                0x0800509a       0x12 ./Drivers/STM32F1xx_HAL_Driver/Src/stm32f1xx_hal_tim.o
                0x0800509a                HAL_TIM_PWM_PulseFinishedCallback
 .text.HAL_TIM_TriggerCallback
                0x080050ac       0x12 ./Drivers/STM32F1xx_HAL_Driver/Src/stm32f1xx_hal_tim.o
                0x080050ac                HAL_TIM_TriggerCallback
 *fill*         0x080050be        0x2 
 .text.TIM_Base_SetConfig
                0x080050c0       0xdc ./Drivers/STM32F1xx_HAL_Driver/Src/stm32f1xx_hal_tim.o
                0x080050c0                TIM_Base_SetConfig
 .text.TIM_OC1_SetConfig
                0x0800519c       0xcc ./Drivers/STM32F1xx_HAL_Driver/Src/stm32f1xx_hal_tim.o
 .text.TIM_OC2_SetConfig
                0x08005268       0xd4 ./Drivers/STM32F1xx_HAL_Driver/Src/stm32f1xx_hal_tim.o
                0x08005268                TIM_OC2_SetConfig
 .text.TIM_OC3_SetConfig
                0x0800533c       0xd4 ./Drivers/STM32F1xx_HAL_Driver/Src/stm32f1xx_hal_tim.o
 .text.TIM_OC4_SetConfig
                0x08005410       0x9c ./Drivers/STM32F1xx_HAL_Driver/Src/stm32f1xx_hal_tim.o
 .text.TIM_TI1_ConfigInputStage
                0x080054ac       0x5c ./Drivers/STM32F1xx_HAL_Driver/Src/stm32f1xx_hal_tim.o
 .text.TIM_TI2_ConfigInputStage
                0x08005508       0x5e ./Drivers/STM32F1xx_HAL_Driver/Src/stm32f1xx_hal_tim.o
 .text.TIM_ITRx_SetConfig
                0x08005566       0x34 ./Drivers/STM32F1xx_HAL_Driver/Src/stm32f1xx_hal_tim.o
 .text.TIM_ETR_SetConfig
                0x0800559a       0x3e ./Drivers/STM32F1xx_HAL_Driver/Src/stm32f1xx_hal_tim.o
                0x0800559a                TIM_ETR_SetConfig
 .text.TIM_CCxChannelCmd
                0x080055d8       0x48 ./Drivers/STM32F1xx_HAL_Driver/Src/stm32f1xx_hal_tim.o
                0x080055d8                TIM_CCxChannelCmd
 .text.HAL_TIMEx_MasterConfigSynchronization
                0x08005620       0xbc ./Drivers/STM32F1xx_HAL_Driver/Src/stm32f1xx_hal_tim_ex.o
                0x08005620                HAL_TIMEx_MasterConfigSynchronization
 .text.HAL_TIMEx_CommutCallback
                0x080056dc       0x12 ./Drivers/STM32F1xx_HAL_Driver/Src/stm32f1xx_hal_tim_ex.o
                0x080056dc                HAL_TIMEx_CommutCallback
 .text.HAL_TIMEx_BreakCallback
                0x080056ee       0x12 ./Drivers/STM32F1xx_HAL_Driver/Src/stm32f1xx_hal_tim_ex.o
                0x080056ee                HAL_TIMEx_BreakCallback
 .text.HAL_UART_Init
                0x08005700       0xa0 ./Drivers/STM32F1xx_HAL_Driver/Src/stm32f1xx_hal_uart.o
                0x08005700                HAL_UART_Init
 .text.HAL_UART_Transmit_IT
                0x080057a0       0x6a ./Drivers/STM32F1xx_HAL_Driver/Src/stm32f1xx_hal_uart.o
                0x080057a0                HAL_UART_Transmit_IT
 .text.HAL_UARTEx_ReceiveToIdle_IT
                0x0800580a       0xba ./Drivers/STM32F1xx_HAL_Driver/Src/stm32f1xx_hal_uart.o
                0x0800580a                HAL_UARTEx_ReceiveToIdle_IT
 .text.HAL_UART_IRQHandler
                0x080058c4      0x524 ./Drivers/STM32F1xx_HAL_Driver/Src/stm32f1xx_hal_uart.o
                0x080058c4                HAL_UART_IRQHandler
 .text.HAL_UART_RxCpltCallback
                0x08005de8       0x12 ./Drivers/STM32F1xx_HAL_Driver/Src/stm32f1xx_hal_uart.o
                0x08005de8                HAL_UART_RxCpltCallback
 .text.HAL_UART_ErrorCallback
                0x08005dfa       0x12 ./Drivers/STM32F1xx_HAL_Driver/Src/stm32f1xx_hal_uart.o
                0x08005dfa                HAL_UART_ErrorCallback
 .text.UART_Start_Receive_IT
                0x08005e0c       0x72 ./Drivers/STM32F1xx_HAL_Driver/Src/stm32f1xx_hal_uart.o
                0x08005e0c                UART_Start_Receive_IT
 .text.UART_EndRxTransfer
                0x08005e7e       0xc4 ./Drivers/STM32F1xx_HAL_Driver/Src/stm32f1xx_hal_uart.o
 .text.UART_DMAAbortOnError
                0x08005f42       0x28 ./Drivers/STM32F1xx_HAL_Driver/Src/stm32f1xx_hal_uart.o
 .text.UART_Transmit_IT
                0x08005f6a       0x9e ./Drivers/STM32F1xx_HAL_Driver/Src/stm32f1xx_hal_uart.o
 .text.UART_EndTransmit_IT
                0x08006008       0x30 ./Drivers/STM32F1xx_HAL_Driver/Src/stm32f1xx_hal_uart.o
 .text.UART_Receive_IT
                0x08006038      0x17c ./Drivers/STM32F1xx_HAL_Driver/Src/stm32f1xx_hal_uart.o
 .text.UART_SetConfig
                0x080061b4      0x11c ./Drivers/STM32F1xx_HAL_Driver/Src/stm32f1xx_hal_uart.o
 .text.memset   0x080062d0       0x10 D:/ST/STM32CubeIDE_1.19.0/STM32CubeIDE/plugins/com.st.stm32cube.ide.mcu.externaltools.gnu-tools-for-stm32.13.3.rel1.win32_1.0.100.202509120712/tools/bin/../lib/gcc/arm-none-eabi/13.3.1/../../../../arm-none-eabi/lib/thumb/v7-m/nofp\libc_nano.a(libc_a-memset.o)
                0x080062d0                memset
 .text.__libc_init_array
                0x080062e0       0x48 D:/ST/STM32CubeIDE_1.19.0/STM32CubeIDE/plugins/com.st.stm32cube.ide.mcu.externaltools.gnu-tools-for-stm32.13.3.rel1.win32_1.0.100.202509120712/tools/bin/../lib/gcc/arm-none-eabi/13.3.1/../../../../arm-none-eabi/lib/thumb/v7-m/nofp\libc_nano.a(libc_a-init.o)
                0x080062e0                __libc_init_array
 *(.glue_7)
 .glue_7        0x08006328        0x0 linker stubs
 *(.glue_7t)
 .glue_7t       0x08006328        0x0 linker stubs
 *(.eh_frame)
 .eh_frame      0x08006328        0x0 D:/ST/STM32CubeIDE_1.19.0/STM32CubeIDE/plugins/com.st.stm32cube.ide.mcu.externaltools.gnu-tools-for-stm32.13.3.rel1.win32_1.0.100.202509120712/tools/bin/../lib/gcc/arm-none-eabi/13.3.1/thumb/v7-m/nofp/crtbegin.o
 *(.init)
 .init          0x08006328        0x4 D:/ST/STM32CubeIDE_1.19.0/STM32CubeIDE/plugins/com.st.stm32cube.ide.mcu.externaltools.gnu-tools-for-stm32.13.3.rel1.win32_1.0.100.202509120712/tools/bin/../lib/gcc/arm-none-eabi/13.3.1/thumb/v7-m/nofp/crti.o
                0x08006328                _init
 .init          0x0800632c        0x8 D:/ST/STM32CubeIDE_1.19.0/STM32CubeIDE/plugins/com.st.stm32cube.ide.mcu.externaltools.gnu-tools-for-stm32.13.3.rel1.win32_1.0.100.202509120712/tools/bin/../lib/gcc/arm-none-eabi/13.3.1/thumb/v7-m/nofp/crtn.o
 *(.fini)
 .fini          0x08006334        0x4 D:/ST/STM32CubeIDE_1.19.0/STM32CubeIDE/plugins/com.st.stm32cube.ide.mcu.externaltools.gnu-tools-for-stm32.13.3.rel1.win32_1.0.100.202509120712/tools/bin/../lib/gcc/arm-none-eabi/13.3.1/thumb/v7-m/nofp/crti.o
                0x08006334                _fini
 .fini          0x08006338        0x8 D:/ST/STM32CubeIDE_1.19.0/STM32CubeIDE/plugins/com.st.stm32cube.ide.mcu.externaltools.gnu-tools-for-stm32.13.3.rel1.win32_1.0.100.202509120712/tools/bin/../lib/gcc/arm-none-eabi/13.3.1/thumb/v7-m/nofp/crtn.o
                0x08006340                        . = ALIGN (0x4)
                0x08006340                        _etext = .

.vfp11_veneer   0x08006340        0x0
 .vfp11_veneer  0x08006340        0x0 linker stubs

.v4_bx          0x08006340        0x0
 .v4_bx         0x08006340        0x0 linker stubs

.iplt           0x08006340        0x0
 .iplt          0x08006340        0x0 D:/ST/STM32CubeIDE_1.19.0/STM32CubeIDE/plugins/com.st.stm32cube.ide.mcu.externaltools.gnu-tools-for-stm32.13.3.rel1.win32_1.0.100.202509120712/tools/bin/../lib/gcc/arm-none-eabi/13.3.1/thumb/v7-m/nofp/crtbegin.o

.rodata         0x08006340      0x27c
                0x08006340                        . = ALIGN (0x4)
 *(.rodata)
 *(.rodata*)
 .rodata.STEPPER_CfgParam
                0x08006340       0x70 ./Core/Src/STEPPER_cfg.o
                0x08006340                STEPPER_CfgParam
 .rodata.zoom_table
                0x080063b0       0xee ./Core/Src/lens_control.o
                0x080063b0                zoom_table
 *fill*         0x0800649e        0x2 
 .rodata.focus_table_inf
                0x080064a0       0xee ./Core/Src/lens_control.o
                0x080064a0                focus_table_inf
 *fill*         0x0800658e        0x2 
 .rodata.AHBPrescTable
                0x08006590       0x10 ./Core/Src/system_stm32f1xx.o
                0x08006590                AHBPrescTable
 .rodata.APBPrescTable
                0x080065a0        0x8 ./Core/Src/system_stm32f1xx.o
                0x080065a0                APBPrescTable
 .rodata.aPLLMULFactorTable.1
                0x080065a8       0x10 ./Drivers/STM32F1xx_HAL_Driver/Src/stm32f1xx_hal_rcc.o
 .rodata.aPredivFactorTable.0
                0x080065b8        0x2 ./Drivers/STM32F1xx_HAL_Driver/Src/stm32f1xx_hal_rcc.o
                0x080065bc                        . = ALIGN (0x4)
 *fill*         0x080065ba        0x2 

.ARM.extab      0x080065bc        0x0
                0x080065bc                        . = ALIGN (0x4)
 *(.ARM.extab* .gnu.linkonce.armextab.*)
                0x080065bc                        . = ALIGN (0x4)

.ARM            0x080065bc        0x0
                0x080065bc                        . = ALIGN (0x4)
                0x080065bc                        __exidx_start = .
 *(.ARM.exidx*)
                0x080065bc                        __exidx_end = .
                0x080065bc                        . = ALIGN (0x4)

.preinit_array  0x080065bc        0x0
                0x080065bc                        . = ALIGN (0x4)
                0x080065bc                        PROVIDE (__preinit_array_start = .)
 *(.preinit_array*)
                0x080065bc                        PROVIDE (__preinit_array_end = .)
                0x080065bc                        . = ALIGN (0x4)

.init_array     0x080065bc        0x4
                0x080065bc                        . = ALIGN (0x4)
                0x080065bc                        PROVIDE (__init_array_start = .)
 *(SORT_BY_NAME(.init_array.*))
 *(.init_array*)
 .init_array    0x080065bc        0x4 D:/ST/STM32CubeIDE_1.19.0/STM32CubeIDE/plugins/com.st.stm32cube.ide.mcu.externaltools.gnu-tools-for-stm32.13.3.rel1.win32_1.0.100.202509120712/tools/bin/../lib/gcc/arm-none-eabi/13.3.1/thumb/v7-m/nofp/crtbegin.o
                0x080065c0                        PROVIDE (__init_array_end = .)
                0x080065c0                        . = ALIGN (0x4)

.fini_array     0x080065c0        0x4
                0x080065c0                        . = ALIGN (0x4)
                [!provide]                        PROVIDE (__fini_array_start = .)
 *(SORT_BY_NAME(.fini_array.*))
 *(.fini_array*)
 .fini_array    0x080065c0        0x4 D:/ST/STM32CubeIDE_1.19.0/STM32CubeIDE/plugins/com.st.stm32cube.ide.mcu.externaltools.gnu-tools-for-stm32.13.3.rel1.win32_1.0.100.202509120712/tools/bin/../lib/gcc/arm-none-eabi/13.3.1/thumb/v7-m/nofp/crtbegin.o
                [!provide]                        PROVIDE (__fini_array_end = .)
                0x080065c4                        . = ALIGN (0x4)
                0x080065c4                        _sidata = LOADADDR (.data)

.rel.dyn        0x080065c4        0x0
 .rel.iplt      0x080065c4        0x0 D:/ST/STM32CubeIDE_1.19.0/STM32CubeIDE/plugins/com.st.stm32cube.ide.mcu.externaltools.gnu-tools-for-stm32.13.3.rel1.win32_1.0.100.202509120712/tools/bin/../lib/gcc/arm-none-eabi/13.3.1/thumb/v7-m/nofp/crtbegin.o

.data           0x20000000       0x78 load address 0x080065c4
                0x20000000                        . = ALIGN (0x4)
                0x20000000                        _sdata = .
 *(.data)
 *(.data*)
 .data.UNIPOLAR_WD_PATTERN
                0x20000000       0x10 ./Core/Src/STEPPER.o
 .data.UNIPOLAR_FS_PATTERN
                0x20000010       0x10 ./Core/Src/STEPPER.o
 .data.UNIPOLAR_HS_PATTERN
                0x20000020       0x20 ./Core/Src/STEPPER.o
 .data.POLAR_FZ_PATTERN
                0x20000040       0x20 ./Core/Src/STEPPER.o
 .data.g_lens   0x20000060        0xc ./Core/Src/lens_control.o
                0x20000060                g_lens
 .data.SystemCoreClock
                0x2000006c        0x4 ./Core/Src/system_stm32f1xx.o
                0x2000006c                SystemCoreClock
 .data.uwTickPrio
                0x20000070        0x4 ./Drivers/STM32F1xx_HAL_Driver/Src/stm32f1xx_hal.o
                0x20000070                uwTickPrio
 .data.uwTickFreq
                0x20000074        0x1 ./Drivers/STM32F1xx_HAL_Driver/Src/stm32f1xx_hal.o
                0x20000074                uwTickFreq
 *(.RamFunc)
 *(.RamFunc*)
                0x20000078                        . = ALIGN (0x4)
 *fill*         0x20000075        0x3 
                0x20000078                        _edata = .

.igot.plt       0x20000078        0x0 load address 0x0800663c
 .igot.plt      0x20000078        0x0 D:/ST/STM32CubeIDE_1.19.0/STM32CubeIDE/plugins/com.st.stm32cube.ide.mcu.externaltools.gnu-tools-for-stm32.13.3.rel1.win32_1.0.100.202509120712/tools/bin/../lib/gcc/arm-none-eabi/13.3.1/thumb/v7-m/nofp/crtbegin.o
                0x20000078                        . = ALIGN (0x4)

.bss            0x20000078      0x3f8 load address 0x0800663c
                0x20000078                        _sbss = .
                0x20000078                        __bss_start__ = _sbss
 *(.bss)
 .bss           0x20000078       0x1c D:/ST/STM32CubeIDE_1.19.0/STM32CubeIDE/plugins/com.st.stm32cube.ide.mcu.externaltools.gnu-tools-for-stm32.13.3.rel1.win32_1.0.100.202509120712/tools/bin/../lib/gcc/arm-none-eabi/13.3.1/thumb/v7-m/nofp/crtbegin.o
 *(.bss*)
 .bss.gs_STEPPER_info
                0x20000094       0x60 ./Core/Src/STEPPER.o
 .bss.hspi2     0x200000f4       0x58 ./Core/Src/main.o
                0x200000f4                hspi2
 .bss.htim2     0x2000014c       0x48 ./Core/Src/main.o
                0x2000014c                htim2
 .bss.htim3     0x20000194       0x48 ./Core/Src/main.o
                0x20000194                htim3
 .bss.htim4     0x200001dc       0x48 ./Core/Src/main.o
                0x200001dc                htim4
 .bss.huart1    0x20000224       0x48 ./Core/Src/main.o
                0x20000224                huart1
 .bss.huart3    0x2000026c       0x48 ./Core/Src/main.o
                0x2000026c                huart3
 .bss.PTZ_Busy  0x200002b4        0x1 ./Core/Src/main.o
                0x200002b4                PTZ_Busy
 .bss.uart_rx_byte
                0x200002b5        0x1 ./Core/Src/main.o
                0x200002b5                uart_rx_byte
 .bss.frame_pos
                0x200002b6        0x1 ./Core/Src/main.o
                0x200002b6                frame_pos
 .bss.pelco_frame_ready
                0x200002b7        0x1 ./Core/Src/main.o
                0x200002b7                pelco_frame_ready
 .bss.S_RxData  0x200002b8        0x7 ./Core/Src/main.o
                0x200002b8                S_RxData
 .bss.S_address
                0x200002bf        0x1 ./Core/Src/main.o
                0x200002bf                S_address
 .bss.S_command_H
                0x200002c0        0x1 ./Core/Src/main.o
                0x200002c0                S_command_H
 .bss.S_command_L
                0x200002c1        0x1 ./Core/Src/main.o
                0x200002c1                S_command_L
 .bss.S_data_H  0x200002c2        0x1 ./Core/Src/main.o
                0x200002c2                S_data_H
 .bss.S_data_L  0x200002c3        0x1 ./Core/Src/main.o
                0x200002c3                S_data_L
 .bss.S_checksum
                0x200002c4        0x1 ./Core/Src/main.o
                0x200002c4                S_checksum
 .bss.S_Step_direction
                0x200002c5        0x1 ./Core/Src/main.o
                0x200002c5                S_Step_direction
 .bss.lens_auto_fz
                0x200002c6        0x1 ./Core/Src/main.o
                0x200002c6                lens_auto_fz
 *fill*         0x200002c7        0x1 
 .bss.preset_table
                0x200002c8      0x180 ./Core/Src/pelco_preset.o
 .bss.uwTick    0x20000448        0x4 ./Drivers/STM32F1xx_HAL_Driver/Src/stm32f1xx_hal.o
                0x20000448                uwTick
 *fill*         0x2000044c        0x4 
 .bss.pFlash    0x20000450       0x20 ./Drivers/STM32F1xx_HAL_Driver/Src/stm32f1xx_hal_flash.o
                0x20000450                pFlash
 *(COMMON)
                0x20000470                        . = ALIGN (0x4)
                0x20000470                        _ebss = .
                0x20000470                        __bss_end__ = _ebss

._user_heap_stack
                0x20000470      0x600 load address 0x0800663c
                0x20000470                        . = ALIGN (0x8)
                [!provide]                        PROVIDE (end = .)
                0x20000470                        PROVIDE (_end = .)
                0x20000670                        . = (. + _Min_Heap_Size)
 *fill*         0x20000470      0x200 
                0x20000a70                        . = (. + _Min_Stack_Size)
 *fill*         0x20000670      0x400 
                0x20000a70                        . = ALIGN (0x8)

/DISCARD/
 libc.a(*)
 libm.a(*)
 libgcc.a(*)

.ARM.attributes
                0x00000000       0x29
 *(.ARM.attributes)
 .ARM.attributes
                0x00000000       0x1d D:/ST/STM32CubeIDE_1.19.0/STM32CubeIDE/plugins/com.st.stm32cube.ide.mcu.externaltools.gnu-tools-for-stm32.13.3.rel1.win32_1.0.100.202509120712/tools/bin/../lib/gcc/arm-none-eabi/13.3.1/thumb/v7-m/nofp/crti.o
 .ARM.attributes
                0x0000001d       0x2d D:/ST/STM32CubeIDE_1.19.0/STM32CubeIDE/plugins/com.st.stm32cube.ide.mcu.externaltools.gnu-tools-for-stm32.13.3.rel1.win32_1.0.100.202509120712/tools/bin/../lib/gcc/arm-none-eabi/13.3.1/thumb/v7-m/nofp/crtbegin.o
 .ARM.attributes
                0x0000004a       0x2d ./Core/Src/DWT_Delay.o
 .ARM.attributes
                0x00000077       0x2d ./Core/Src/STEPPER.o
 .ARM.attributes
                0x000000a4       0x2d ./Core/Src/STEPPER_cfg.o
 .ARM.attributes
                0x000000d1       0x2d ./Core/Src/lens_control.o
 .ARM.attributes
                0x000000fe       0x2d ./Core/Src/main.o
 .ARM.attributes
                0x0000012b       0x2d ./Core/Src/pelco_preset.o
 .ARM.attributes
                0x00000158       0x2d ./Core/Src/stm32f1xx_hal_msp.o
 .ARM.attributes
                0x00000185       0x2d ./Core/Src/stm32f1xx_it.o
 .ARM.attributes
                0x000001b2       0x2d ./Core/Src/system_stm32f1xx.o
 .ARM.attributes
                0x000001df       0x21 ./Core/Startup/startup_stm32f103c8tx.o
 .ARM.attributes
                0x00000200       0x2d ./Drivers/STM32F1xx_HAL_Driver/Src/stm32f1xx_hal.o
 .ARM.attributes
                0x0000022d       0x2d ./Drivers/STM32F1xx_HAL_Driver/Src/stm32f1xx_hal_cortex.o
 .ARM.attributes
                0x0000025a       0x2d ./Drivers/STM32F1xx_HAL_Driver/Src/stm32f1xx_hal_dma.o
 .ARM.attributes
                0x00000287       0x2d ./Drivers/STM32F1xx_HAL_Driver/Src/stm32f1xx_hal_flash.o
 .ARM.attributes
                0x000002b4       0x2d ./Drivers/STM32F1xx_HAL_Driver/Src/stm32f1xx_hal_flash_ex.o
 .ARM.attributes
                0x000002e1       0x2d ./Drivers/STM32F1xx_HAL_Driver/Src/stm32f1xx_hal_gpio.o
 .ARM.attributes
                0x0000030e       0x2d ./Drivers/STM32F1xx_HAL_Driver/Src/stm32f1xx_hal_rcc.o
 .ARM.attributes
                0x0000033b       0x2d ./Drivers/STM32F1xx_HAL_Driver/Src/stm32f1xx_hal_spi.o
 .ARM.attributes
                0x00000368       0x2d ./Drivers/STM32F1xx_HAL_Driver/Src/stm32f1xx_hal_tim.o
 .ARM.attributes
                0x00000395       0x2d ./Drivers/STM32F1xx_HAL_Driver/Src/stm32f1xx_hal_tim_ex.o
 .ARM.attributes
                0x000003c2       0x2d ./Drivers/STM32F1xx_HAL_Driver/Src/stm32f1xx_hal_uart.o
 .ARM.attributes
                0x000003ef       0x2d D:/ST/STM32CubeIDE_1.19.0/STM32CubeIDE/plugins/com.st.stm32cube.ide.mcu.externaltools.gnu-tools-for-stm32.13.3.rel1.win32_1.0.100.202509120712/tools/bin/../lib/gcc/arm-none-eabi/13.3.1/../../../../arm-none-eabi/lib/thumb/v7-m/nofp\libc_nano.a(libc_a-memset.o)
 .ARM.attributes
                0x0000041c       0x2d D:/ST/STM32CubeIDE_1.19.0/STM32CubeIDE/plugins/com.st.stm32cube.ide.mcu.externaltools.gnu-tools-for-stm32.13.3.rel1.win32_1.0.100.202509120712/tools/bin/../lib/gcc/arm-none-eabi/13.3.1/../../../../arm-none-eabi/lib/thumb/v7-m/nofp\libc_nano.a(libc_a-init.o)
 .ARM.attributes
                0x00000449       0x1d D:/ST/STM32CubeIDE_1.19.0/STM32CubeIDE/plugins/com.st.stm32cube.ide.mcu.externaltools.gnu-tools-for-stm32.13.3.rel1.win32_1.0.100.202509120712/tools/bin/../lib/gcc/arm-none-eabi/13.3.1/thumb/v7-m/nofp\libgcc.a(_arm_addsubdf3.o)
 .ARM.attributes
                0x00000466       0x1d D:/ST/STM32CubeIDE_1.19.0/STM32CubeIDE/plugins/com.st.stm32cube.ide.mcu.externaltools.gnu-tools-for-stm32.13.3.rel1.win32_1.0.100.202509120712/tools/bin/../lib/gcc/arm-none-eabi/13.3.1/thumb/v7-m/nofp\libgcc.a(_arm_muldivdf3.o)
 .ARM.attributes
                0x00000483       0x1d D:/ST/STM32CubeIDE_1.19.0/STM32CubeIDE/plugins/com.st.stm32cube.ide.mcu.externaltools.gnu-tools-for-stm32.13.3.rel1.win32_1.0.100.202509120712/tools/bin/../lib/gcc/arm-none-eabi/13.3.1/thumb/v7-m/nofp\libgcc.a(_arm_fixunsdfsi.o)
 .ARM.attributes
                0x000004a0       0x1d D:/ST/STM32CubeIDE_1.19.0/STM32CubeIDE/plugins/com.st.stm32cube.ide.mcu.externaltools.gnu-tools-for-stm32.13.3.rel1.win32_1.0.100.202509120712/tools/bin/../lib/gcc/arm-none-eabi/13.3.1/thumb/v7-m/nofp\libgcc.a(_arm_addsubsf3.o)
 .ARM.attributes
                0x000004bd       0x1d D:/ST/STM32CubeIDE_1.19.0/STM32CubeIDE/plugins/com.st.stm32cube.ide.mcu.externaltools.gnu-tools-for-stm32.13.3.rel1.win32_1.0.100.202509120712/tools/bin/../lib/gcc/arm-none-eabi/13.3.1/thumb/v7-m/nofp\libgcc.a(_arm_muldivsf3.o)
 .ARM.attributes
                0x000004da       0x1d D:/ST/STM32CubeIDE_1.19.0/STM32CubeIDE/plugins/com.st.stm32cube.ide.mcu.externaltools.gnu-tools-for-stm32.13.3.rel1.win32_1.0.100.202509120712/tools/bin/../lib/gcc/arm-none-eabi/13.3.1/thumb/v7-m/nofp\libgcc.a(_arm_fixsfsi.o)
 .ARM.attributes
                0x000004f7       0x1d D:/ST/STM32CubeIDE_1.19.0/STM32CubeIDE/plugins/com.st.stm32cube.ide.mcu.externaltools.gnu-tools-for-stm32.13.3.rel1.win32_1.0.100.202509120712/tools/bin/../lib/gcc/arm-none-eabi/13.3.1/thumb/v7-m/nofp/crtn.o
OUTPUT(CubeIDE.elf elf32-littlearm)
LOAD linker stubs
LOAD D:/ST/STM32CubeIDE_1.19.0/STM32CubeIDE/plugins/com.st.stm32cube.ide.mcu.externaltools.gnu-tools-for-stm32.13.3.rel1.win32_1.0.100.202509120712/tools/bin/../lib/gcc/arm-none-eabi/13.3.1/../../../../arm-none-eabi/lib/thumb/v7-m/nofp\libc.a
LOAD D:/ST/STM32CubeIDE_1.19.0/STM32CubeIDE/plugins/com.st.stm32cube.ide.mcu.externaltools.gnu-tools-for-stm32.13.3.rel1.win32_1.0.100.202509120712/tools/bin/../lib/gcc/arm-none-eabi/13.3.1/../../../../arm-none-eabi/lib/thumb/v7-m/nofp\libm.a
LOAD D:/ST/STM32CubeIDE_1.19.0/STM32CubeIDE/plugins/com.st.stm32cube.ide.mcu.externaltools.gnu-tools-for-stm32.13.3.rel1.win32_1.0.100.202509120712/tools/bin/../lib/gcc/arm-none-eabi/13.3.1/thumb/v7-m/nofp\libgcc.a

.debug_info     0x00000000    0x1086c
 .debug_info    0x00000000      0x22c ./Core/Src/DWT_Delay.o
 .debug_info    0x0000022c     0x11b5 ./Core/Src/STEPPER.o
 .debug_info    0x000013e1      0x1c5 ./Core/Src/STEPPER_cfg.o
 .debug_info    0x000015a6      0x376 ./Core/Src/lens_control.o
 .debug_info    0x0000191c     0x1a6b ./Core/Src/main.o
 .debug_info    0x00003387      0x49b ./Core/Src/pelco_preset.o
 .debug_info    0x00003822     0x1134 ./Core/Src/stm32f1xx_hal_msp.o
 .debug_info    0x00004956      0x96a ./Core/Src/stm32f1xx_it.o
 .debug_info    0x000052c0      0x222 ./Core/Src/system_stm32f1xx.o
 .debug_info    0x000054e2       0x30 ./Core/Startup/startup_stm32f103c8tx.o
 .debug_info    0x00005512      0x704 ./Drivers/STM32F1xx_HAL_Driver/Src/stm32f1xx_hal.o
 .debug_info    0x00005c16      0xa87 ./Drivers/STM32F1xx_HAL_Driver/Src/stm32f1xx_hal_cortex.o
 .debug_info    0x0000669d      0x6d2 ./Drivers/STM32F1xx_HAL_Driver/Src/stm32f1xx_hal_dma.o
 .debug_info    0x00006d6f      0x4f8 ./Drivers/STM32F1xx_HAL_Driver/Src/stm32f1xx_hal_flash.o
 .debug_info    0x00007267      0x777 ./Drivers/STM32F1xx_HAL_Driver/Src/stm32f1xx_hal_flash_ex.o
 .debug_info    0x000079de      0x5ab ./Drivers/STM32F1xx_HAL_Driver/Src/stm32f1xx_hal_gpio.o
 .debug_info    0x00007f89      0x7d5 ./Drivers/STM32F1xx_HAL_Driver/Src/stm32f1xx_hal_rcc.o
 .debug_info    0x0000875e     0x142d ./Drivers/STM32F1xx_HAL_Driver/Src/stm32f1xx_hal_spi.o
 .debug_info    0x00009b8b     0x2959 ./Drivers/STM32F1xx_HAL_Driver/Src/stm32f1xx_hal_tim.o
 .debug_info    0x0000c4e4     0x149b ./Drivers/STM32F1xx_HAL_Driver/Src/stm32f1xx_hal_tim_ex.o
 .debug_info    0x0000d97f     0x2eed ./Drivers/STM32F1xx_HAL_Driver/Src/stm32f1xx_hal_uart.o

.debug_abbrev   0x00000000     0x2b76
 .debug_abbrev  0x00000000       0xab ./Core/Src/DWT_Delay.o
 .debug_abbrev  0x000000ab      0x354 ./Core/Src/STEPPER.o
 .debug_abbrev  0x000003ff       0xda ./Core/Src/STEPPER_cfg.o
 .debug_abbrev  0x000004d9      0x1ba ./Core/Src/lens_control.o
 .debug_abbrev  0x00000693      0x3a2 ./Core/Src/main.o
 .debug_abbrev  0x00000a35      0x1a2 ./Core/Src/pelco_preset.o
 .debug_abbrev  0x00000bd7      0x21f ./Core/Src/stm32f1xx_hal_msp.o
 .debug_abbrev  0x00000df6      0x19a ./Core/Src/stm32f1xx_it.o
 .debug_abbrev  0x00000f90      0x13f ./Core/Src/system_stm32f1xx.o
 .debug_abbrev  0x000010cf       0x24 ./Core/Startup/startup_stm32f103c8tx.o
 .debug_abbrev  0x000010f3      0x201 ./Drivers/STM32F1xx_HAL_Driver/Src/stm32f1xx_hal.o
 .debug_abbrev  0x000012f4      0x2f8 ./Drivers/STM32F1xx_HAL_Driver/Src/stm32f1xx_hal_cortex.o
 .debug_abbrev  0x000015ec      0x20b ./Drivers/STM32F1xx_HAL_Driver/Src/stm32f1xx_hal_dma.o
 .debug_abbrev  0x000017f7      0x250 ./Drivers/STM32F1xx_HAL_Driver/Src/stm32f1xx_hal_flash.o
 .debug_abbrev  0x00001a47      0x247 ./Drivers/STM32F1xx_HAL_Driver/Src/stm32f1xx_hal_flash_ex.o
 .debug_abbrev  0x00001c8e      0x1ca ./Drivers/STM32F1xx_HAL_Driver/Src/stm32f1xx_hal_gpio.o
 .debug_abbrev  0x00001e58      0x2b3 ./Drivers/STM32F1xx_HAL_Driver/Src/stm32f1xx_hal_rcc.o
 .debug_abbrev  0x0000210b      0x27a ./Drivers/STM32F1xx_HAL_Driver/Src/stm32f1xx_hal_spi.o
 .debug_abbrev  0x00002385      0x277 ./Drivers/STM32F1xx_HAL_Driver/Src/stm32f1xx_hal_tim.o
 .debug_abbrev  0x000025fc      0x282 ./Drivers/STM32F1xx_HAL_Driver/Src/stm32f1xx_hal_tim_ex.o
 .debug_abbrev  0x0000287e      0x2f8 ./Drivers/STM32F1xx_HAL_Driver/Src/stm32f1xx_hal_uart.o

.debug_aranges  0x00000000     0x1110
 .debug_aranges
                0x00000000       0x20 ./Core/Src/DWT_Delay.o
 .debug_aranges
                0x00000020       0xb0 ./Core/Src/STEPPER.o
 .debug_aranges
                0x000000d0       0x18 ./Core/Src/STEPPER_cfg.o
 .debug_aranges
                0x000000e8       0x58 ./Core/Src/lens_control.o
 .debug_aranges
                0x00000140       0xe8 ./Core/Src/main.o
 .debug_aranges
                0x00000228       0x50 ./Core/Src/pelco_preset.o
 .debug_aranges
                0x00000278       0x58 ./Core/Src/stm32f1xx_hal_msp.o
 .debug_aranges
                0x000002d0       0x78 ./Core/Src/stm32f1xx_it.o
 .debug_aranges
                0x00000348       0x28 ./Core/Src/system_stm32f1xx.o
 .debug_aranges
                0x00000370       0x28 ./Core/Startup/startup_stm32f103c8tx.o
 .debug_aranges
                0x00000398       0xe0 ./Drivers/STM32F1xx_HAL_Driver/Src/stm32f1xx_hal.o
 .debug_aranges
                0x00000478      0x100 ./Drivers/STM32F1xx_HAL_Driver/Src/stm32f1xx_hal_cortex.o
 .debug_aranges
                0x00000578       0x80 ./Drivers/STM32F1xx_HAL_Driver/Src/stm32f1xx_hal_dma.o
 .debug_aranges
                0x000005f8       0x88 ./Drivers/STM32F1xx_HAL_Driver/Src/stm32f1xx_hal_flash.o
 .debug_aranges
                0x00000680       0x98 ./Drivers/STM32F1xx_HAL_Driver/Src/stm32f1xx_hal_flash_ex.o
 .debug_aranges
                0x00000718       0x58 ./Drivers/STM32F1xx_HAL_Driver/Src/stm32f1xx_hal_gpio.o
 .debug_aranges
                0x00000770       0x90 ./Drivers/STM32F1xx_HAL_Driver/Src/stm32f1xx_hal_rcc.o
 .debug_aranges
                0x00000800      0x1d0 ./Drivers/STM32F1xx_HAL_Driver/Src/stm32f1xx_hal_spi.o
 .debug_aranges
                0x000009d0      0x3d0 ./Drivers/STM32F1xx_HAL_Driver/Src/stm32f1xx_hal_tim.o
 .debug_aranges
                0x00000da0      0x168 ./Drivers/STM32F1xx_HAL_Driver/Src/stm32f1xx_hal_tim_ex.o
 .debug_aranges
                0x00000f08      0x208 ./Drivers/STM32F1xx_HAL_Driver/Src/stm32f1xx_hal_uart.o

.debug_rnglists
                0x00000000      0xd4e
 .debug_rnglists
                0x00000000       0x13 ./Core/Src/DWT_Delay.o
 .debug_rnglists
                0x00000013       0x98 ./Core/Src/STEPPER.o
 .debug_rnglists
                0x000000ab       0x3e ./Core/Src/lens_control.o
 .debug_rnglists
                0x000000e9       0xb3 ./Core/Src/main.o
 .debug_rnglists
                0x0000019c       0x3a ./Core/Src/pelco_preset.o
 .debug_rnglists
                0x000001d6       0x41 ./Core/Src/stm32f1xx_hal_msp.o
 .debug_rnglists
                0x00000217       0x55 ./Core/Src/stm32f1xx_it.o
 .debug_rnglists
                0x0000026c       0x1a ./Core/Src/system_stm32f1xx.o
 .debug_rnglists
                0x00000286       0x19 ./Core/Startup/startup_stm32f103c8tx.o
 .debug_rnglists
                0x0000029f       0xa3 ./Drivers/STM32F1xx_HAL_Driver/Src/stm32f1xx_hal.o
 .debug_rnglists
                0x00000342       0xbb ./Drivers/STM32F1xx_HAL_Driver/Src/stm32f1xx_hal_cortex.o
 .debug_rnglists
                0x000003fd       0x64 ./Drivers/STM32F1xx_HAL_Driver/Src/stm32f1xx_hal_dma.o
 .debug_rnglists
                0x00000461       0x66 ./Drivers/STM32F1xx_HAL_Driver/Src/stm32f1xx_hal_flash.o
 .debug_rnglists
                0x000004c7       0x73 ./Drivers/STM32F1xx_HAL_Driver/Src/stm32f1xx_hal_flash_ex.o
 .debug_rnglists
                0x0000053a       0x3f ./Drivers/STM32F1xx_HAL_Driver/Src/stm32f1xx_hal_gpio.o
 .debug_rnglists
                0x00000579       0x6c ./Drivers/STM32F1xx_HAL_Driver/Src/stm32f1xx_hal_rcc.o
 .debug_rnglists
                0x000005e5      0x16e ./Drivers/STM32F1xx_HAL_Driver/Src/stm32f1xx_hal_spi.o
 .debug_rnglists
                0x00000753      0x31a ./Drivers/STM32F1xx_HAL_Driver/Src/stm32f1xx_hal_tim.o
 .debug_rnglists
                0x00000a6d      0x125 ./Drivers/STM32F1xx_HAL_Driver/Src/stm32f1xx_hal_tim_ex.o
 .debug_rnglists
                0x00000b92      0x1bc ./Drivers/STM32F1xx_HAL_Driver/Src/stm32f1xx_hal_uart.o

.debug_macro    0x00000000    0x18da3
 .debug_macro   0x00000000      0x1b7 ./Core/Src/DWT_Delay.o
 .debug_macro   0x000001b7      0xacc ./Core/Src/DWT_Delay.o
 .debug_macro   0x00000c83      0x221 ./Core/Src/DWT_Delay.o
 .debug_macro   0x00000ea4       0x2e ./Core/Src/DWT_Delay.o
 .debug_macro   0x00000ed2       0x22 ./Core/Src/DWT_Delay.o
 .debug_macro   0x00000ef4       0x22 ./Core/Src/DWT_Delay.o
 .debug_macro   0x00000f16       0x8e ./Core/Src/DWT_Delay.o
 .debug_macro   0x00000fa4       0x51 ./Core/Src/DWT_Delay.o
 .debug_macro   0x00000ff5      0x103 ./Core/Src/DWT_Delay.o
 .debug_macro   0x000010f8       0x6a ./Core/Src/DWT_Delay.o
 .debug_macro   0x00001162      0x1df ./Core/Src/DWT_Delay.o
 .debug_macro   0x00001341       0x1c ./Core/Src/DWT_Delay.o
 .debug_macro   0x0000135d       0x22 ./Core/Src/DWT_Delay.o
 .debug_macro   0x0000137f       0xbd ./Core/Src/DWT_Delay.o
 .debug_macro   0x0000143c      0xd23 ./Core/Src/DWT_Delay.o
 .debug_macro   0x0000215f     0xe09e ./Core/Src/DWT_Delay.o
 .debug_macro   0x000101fd       0x6d ./Core/Src/DWT_Delay.o
 .debug_macro   0x0001026a     0x34a2 ./Core/Src/DWT_Delay.o
 .debug_macro   0x0001370c      0x190 ./Core/Src/DWT_Delay.o
 .debug_macro   0x0001389c       0x5c ./Core/Src/DWT_Delay.o
 .debug_macro   0x000138f8      0x5bc ./Core/Src/DWT_Delay.o
 .debug_macro   0x00013eb4      0x289 ./Core/Src/DWT_Delay.o
 .debug_macro   0x0001413d      0x1cb ./Core/Src/DWT_Delay.o
 .debug_macro   0x00014308      0x114 ./Core/Src/DWT_Delay.o
 .debug_macro   0x0001441c      0x1b2 ./Core/Src/DWT_Delay.o
 .debug_macro   0x000145ce       0x27 ./Core/Src/DWT_Delay.o
 .debug_macro   0x000145f5      0x136 ./Core/Src/DWT_Delay.o
 .debug_macro   0x0001472b      0x1bc ./Core/Src/DWT_Delay.o
 .debug_macro   0x000148e7       0x34 ./Core/Src/DWT_Delay.o
 .debug_macro   0x0001491b       0x3c ./Core/Src/DWT_Delay.o
 .debug_macro   0x00014957       0x57 ./Core/Src/DWT_Delay.o
 .debug_macro   0x000149ae       0x87 ./Core/Src/DWT_Delay.o
 .debug_macro   0x00014a35      0x240 ./Core/Src/DWT_Delay.o
 .debug_macro   0x00014c75      0x140 ./Core/Src/DWT_Delay.o
 .debug_macro   0x00014db5      0x217 ./Core/Src/DWT_Delay.o
 .debug_macro   0x00014fcc      0x8ed ./Core/Src/DWT_Delay.o
 .debug_macro   0x000158b9      0x28e ./Core/Src/DWT_Delay.o
 .debug_macro   0x00015b47       0x83 ./Core/Src/DWT_Delay.o
 .debug_macro   0x00015bca      0x1dd ./Core/Src/STEPPER.o
 .debug_macro   0x00015da7       0xe8 ./Core/Src/STEPPER.o
 .debug_macro   0x00015e8f       0x58 ./Core/Src/STEPPER.o
 .debug_macro   0x00015ee7      0x1bc ./Core/Src/STEPPER_cfg.o
 .debug_macro   0x000160a3       0x52 ./Core/Src/STEPPER_cfg.o
 .debug_macro   0x000160f5      0x280 ./Core/Src/lens_control.o
 .debug_macro   0x00016375       0x61 ./Core/Src/lens_control.o
 .debug_macro   0x000163d6       0x24 ./Core/Src/lens_control.o
 .debug_macro   0x000163fa       0x43 ./Core/Src/lens_control.o
 .debug_macro   0x0001643d       0x34 ./Core/Src/lens_control.o
 .debug_macro   0x00016471      0x370 ./Core/Src/lens_control.o
 .debug_macro   0x000167e1       0x16 ./Core/Src/lens_control.o
 .debug_macro   0x000167f7       0x4a ./Core/Src/lens_control.o
 .debug_macro   0x00016841       0x34 ./Core/Src/lens_control.o
 .debug_macro   0x00016875       0x10 ./Core/Src/lens_control.o
 .debug_macro   0x00016885       0x58 ./Core/Src/lens_control.o
 .debug_macro   0x000168dd       0x8e ./Core/Src/lens_control.o
 .debug_macro   0x0001696b       0x1c ./Core/Src/lens_control.o
 .debug_macro   0x00016987      0x185 ./Core/Src/lens_control.o
 .debug_macro   0x00016b0c      0x19b ./Core/Src/lens_control.o
 .debug_macro   0x00016ca7      0x2ed ./Core/Src/main.o
 .debug_macro   0x00016f94       0x16 ./Core/Src/main.o
 .debug_macro   0x00016faa       0x3c ./Core/Src/main.o
 .debug_macro   0x00016fe6       0x10 ./Core/Src/main.o
 .debug_macro   0x00016ff6       0x16 ./Core/Src/main.o
 .debug_macro   0x0001700c       0x16 ./Core/Src/main.o
 .debug_macro   0x00017022      0x146 ./Core/Src/main.o
 .debug_macro   0x00017168       0x16 ./Core/Src/main.o
 .debug_macro   0x0001717e       0x20 ./Core/Src/main.o
 .debug_macro   0x0001719e       0xbe ./Core/Src/main.o
 .debug_macro   0x0001725c       0x1c ./Core/Src/main.o
 .debug_macro   0x00017278      0x2aa ./Core/Src/pelco_preset.o
 .debug_macro   0x00017522       0x16 ./Core/Src/pelco_preset.o
 .debug_macro   0x00017538       0x10 ./Core/Src/pelco_preset.o
 .debug_macro   0x00017548      0x1bc ./Core/Src/stm32f1xx_hal_msp.o
 .debug_macro   0x00017704      0x1c6 ./Core/Src/stm32f1xx_it.o
 .debug_macro   0x000178ca      0x1ad ./Core/Src/system_stm32f1xx.o
 .debug_macro   0x00017a77      0x1d1 ./Drivers/STM32F1xx_HAL_Driver/Src/stm32f1xx_hal.o
 .debug_macro   0x00017c48      0x1ad ./Drivers/STM32F1xx_HAL_Driver/Src/stm32f1xx_hal_cortex.o
 .debug_macro   0x00017df5      0x1ad ./Drivers/STM32F1xx_HAL_Driver/Src/stm32f1xx_hal_dma.o
 .debug_macro   0x00017fa2      0x1ad ./Drivers/STM32F1xx_HAL_Driver/Src/stm32f1xx_hal_flash.o
 .debug_macro   0x0001814f      0x1bf ./Drivers/STM32F1xx_HAL_Driver/Src/stm32f1xx_hal_flash_ex.o
 .debug_macro   0x0001830e      0x218 ./Drivers/STM32F1xx_HAL_Driver/Src/stm32f1xx_hal_gpio.o
 .debug_macro   0x00018526      0x1bf ./Drivers/STM32F1xx_HAL_Driver/Src/stm32f1xx_hal_rcc.o
 .debug_macro   0x000186e5      0x1b5 ./Drivers/STM32F1xx_HAL_Driver/Src/stm32f1xx_hal_spi.o
 .debug_macro   0x0001889a      0x1ae ./Drivers/STM32F1xx_HAL_Driver/Src/stm32f1xx_hal_tim.o
 .debug_macro   0x00018a48      0x1ad ./Drivers/STM32F1xx_HAL_Driver/Src/stm32f1xx_hal_tim_ex.o
 .debug_macro   0x00018bf5      0x1ae ./Drivers/STM32F1xx_HAL_Driver/Src/stm32f1xx_hal_uart.o

.debug_line     0x00000000    0x13c12
 .debug_line    0x00000000      0x743 ./Core/Src/DWT_Delay.o
 .debug_line    0x00000743      0xf5c ./Core/Src/STEPPER.o
 .debug_line    0x0000169f      0x700 ./Core/Src/STEPPER_cfg.o
 .debug_line    0x00001d9f      0x9f8 ./Core/Src/lens_control.o
 .debug_line    0x00002797     0x10c2 ./Core/Src/main.o
 .debug_line    0x00003859      0xa4c ./Core/Src/pelco_preset.o
 .debug_line    0x000042a5      0x8c6 ./Core/Src/stm32f1xx_hal_msp.o
 .debug_line    0x00004b6b      0x812 ./Core/Src/stm32f1xx_it.o
 .debug_line    0x0000537d      0x79a ./Core/Src/system_stm32f1xx.o
 .debug_line    0x00005b17       0x78 ./Core/Startup/startup_stm32f103c8tx.o
 .debug_line    0x00005b8f      0x9cb ./Drivers/STM32F1xx_HAL_Driver/Src/stm32f1xx_hal.o
 .debug_line    0x0000655a      0xb95 ./Drivers/STM32F1xx_HAL_Driver/Src/stm32f1xx_hal_cortex.o
 .debug_line    0x000070ef      0xdd5 ./Drivers/STM32F1xx_HAL_Driver/Src/stm32f1xx_hal_dma.o
 .debug_line    0x00007ec4      0xa7f ./Drivers/STM32F1xx_HAL_Driver/Src/stm32f1xx_hal_flash.o
 .debug_line    0x00008943      0xb92 ./Drivers/STM32F1xx_HAL_Driver/Src/stm32f1xx_hal_flash_ex.o
 .debug_line    0x000094d5      0xa28 ./Drivers/STM32F1xx_HAL_Driver/Src/stm32f1xx_hal_gpio.o
 .debug_line    0x00009efd      0xe84 ./Drivers/STM32F1xx_HAL_Driver/Src/stm32f1xx_hal_rcc.o
 .debug_line    0x0000ad81     0x1c62 ./Drivers/STM32F1xx_HAL_Driver/Src/stm32f1xx_hal_spi.o
 .debug_line    0x0000c9e3     0x34b9 ./Drivers/STM32F1xx_HAL_Driver/Src/stm32f1xx_hal_tim.o
 .debug_line    0x0000fe9c     0x188f ./Drivers/STM32F1xx_HAL_Driver/Src/stm32f1xx_hal_tim_ex.o
 .debug_line    0x0001172b     0x24e7 ./Drivers/STM32F1xx_HAL_Driver/Src/stm32f1xx_hal_uart.o

.debug_str      0x00000000    0x8de1a
 .debug_str     0x00000000    0x8de1a ./Core/Src/DWT_Delay.o
                              0x84c10 (size before relaxing)
 .debug_str     0x0008de1a        0x0 ./Core/Src/STEPPER.o
                              0x85b3f (size before relaxing)
 .debug_str     0x0008de1a        0x0 ./Core/Src/STEPPER_cfg.o
                              0x84ca1 (size before relaxing)
 .debug_str     0x0008de1a        0x0 ./Core/Src/lens_control.o
                              0x88b10 (size before relaxing)
 .debug_str     0x0008de1a        0x0 ./Core/Src/main.o
                              0x89f9d (size before relaxing)
 .debug_str     0x0008de1a        0x0 ./Core/Src/pelco_preset.o
                              0x8845d (size before relaxing)
 .debug_str     0x0008de1a        0x0 ./Core/Src/stm32f1xx_hal_msp.o
                              0x85bc3 (size before relaxing)
 .debug_str     0x0008de1a        0x0 ./Core/Src/stm32f1xx_it.o
                              0x856bb (size before relaxing)
 .debug_str     0x0008de1a        0x0 ./Core/Src/system_stm32f1xx.o
                              0x84bd3 (size before relaxing)
 .debug_str     0x0008de1a        0x0 ./Core/Startup/startup_stm32f103c8tx.o
                                 0x73 (size before relaxing)
 .debug_str     0x0008de1a        0x0 ./Drivers/STM32F1xx_HAL_Driver/Src/stm32f1xx_hal.o
                              0x85306 (size before relaxing)
 .debug_str     0x0008de1a        0x0 ./Drivers/STM32F1xx_HAL_Driver/Src/stm32f1xx_hal_cortex.o
                              0x85252 (size before relaxing)
 .debug_str     0x0008de1a        0x0 ./Drivers/STM32F1xx_HAL_Driver/Src/stm32f1xx_hal_dma.o
                              0x84f7c (size before relaxing)
 .debug_str     0x0008de1a        0x0 ./Drivers/STM32F1xx_HAL_Driver/Src/stm32f1xx_hal_flash.o
                              0x84eae (size before relaxing)
 .debug_str     0x0008de1a        0x0 ./Drivers/STM32F1xx_HAL_Driver/Src/stm32f1xx_hal_flash_ex.o
                              0x8505c (size before relaxing)
 .debug_str     0x0008de1a        0x0 ./Drivers/STM32F1xx_HAL_Driver/Src/stm32f1xx_hal_gpio.o
                              0x84f59 (size before relaxing)
 .debug_str     0x0008de1a        0x0 ./Drivers/STM32F1xx_HAL_Driver/Src/stm32f1xx_hal_rcc.o
                              0x85002 (size before relaxing)
 .debug_str     0x0008de1a        0x0 ./Drivers/STM32F1xx_HAL_Driver/Src/stm32f1xx_hal_spi.o
                              0x854f9 (size before relaxing)
 .debug_str     0x0008de1a        0x0 ./Drivers/STM32F1xx_HAL_Driver/Src/stm32f1xx_hal_tim.o
                              0x86004 (size before relaxing)
 .debug_str     0x0008de1a        0x0 ./Drivers/STM32F1xx_HAL_Driver/Src/stm32f1xx_hal_tim_ex.o
                              0x85810 (size before relaxing)
 .debug_str     0x0008de1a        0x0 ./Drivers/STM32F1xx_HAL_Driver/Src/stm32f1xx_hal_uart.o
                              0x85673 (size before relaxing)

.comment        0x00000000       0x43
 .comment       0x00000000       0x43 ./Core/Src/DWT_Delay.o
                                 0x44 (size before relaxing)
 .comment       0x00000043        0x0 ./Core/Src/STEPPER.o
                                 0x44 (size before relaxing)
 .comment       0x00000043        0x0 ./Core/Src/STEPPER_cfg.o
                                 0x44 (size before relaxing)
 .comment       0x00000043        0x0 ./Core/Src/lens_control.o
                                 0x44 (size before relaxing)
 .comment       0x00000043        0x0 ./Core/Src/main.o
                                 0x44 (size before relaxing)
 .comment       0x00000043        0x0 ./Core/Src/pelco_preset.o
                                 0x44 (size before relaxing)
 .comment       0x00000043        0x0 ./Core/Src/stm32f1xx_hal_msp.o
                                 0x44 (size before relaxing)
 .comment       0x00000043        0x0 ./Core/Src/stm32f1xx_it.o
                                 0x44 (size before relaxing)
 .comment       0x00000043        0x0 ./Core/Src/system_stm32f1xx.o
                                 0x44 (size before relaxing)
 .comment       0x00000043        0x0 ./Drivers/STM32F1xx_HAL_Driver/Src/stm32f1xx_hal.o
                                 0x44 (size before relaxing)
 .comment       0x00000043        0x0 ./Drivers/STM32F1xx_HAL_Driver/Src/stm32f1xx_hal_cortex.o
                                 0x44 (size before relaxing)
 .comment       0x00000043        0x0 ./Drivers/STM32F1xx_HAL_Driver/Src/stm32f1xx_hal_dma.o
                                 0x44 (size before relaxing)
 .comment       0x00000043        0x0 ./Drivers/STM32F1xx_HAL_Driver/Src/stm32f1xx_hal_flash.o
                                 0x44 (size before relaxing)
 .comment       0x00000043        0x0 ./Drivers/STM32F1xx_HAL_Driver/Src/stm32f1xx_hal_flash_ex.o
                                 0x44 (size before relaxing)
 .comment       0x00000043        0x0 ./Drivers/STM32F1xx_HAL_Driver/Src/stm32f1xx_hal_gpio.o
                                 0x44 (size before relaxing)
 .comment       0x00000043        0x0 ./Drivers/STM32F1xx_HAL_Driver/Src/stm32f1xx_hal_rcc.o
                                 0x44 (size before relaxing)
 .comment       0x00000043        0x0 ./Drivers/STM32F1xx_HAL_Driver/Src/stm32f1xx_hal_spi.o
                                 0x44 (size before relaxing)
 .comment       0x00000043        0x0 ./Drivers/STM32F1xx_HAL_Driver/Src/stm32f1xx_hal_tim.o
                                 0x44 (size before relaxing)
 .comment       0x00000043        0x0 ./Drivers/STM32F1xx_HAL_Driver/Src/stm32f1xx_hal_tim_ex.o
                                 0x44 (size before relaxing)
 .comment       0x00000043        0x0 ./Drivers/STM32F1xx_HAL_Driver/Src/stm32f1xx_hal_uart.o
                                 0x44 (size before relaxing)

.debug_frame    0x00000000     0x4854
 .debug_frame   0x00000000       0x30 ./Core/Src/DWT_Delay.o
 .debug_frame   0x00000030      0x2e4 ./Core/Src/STEPPER.o
 .debug_frame   0x00000314      0x120 ./Core/Src/lens_control.o
 .debug_frame   0x00000434      0x394 ./Core/Src/main.o
 .debug_frame   0x000007c8      0x110 ./Core/Src/pelco_preset.o
 .debug_frame   0x000008d8      0x134 ./Core/Src/stm32f1xx_hal_msp.o
 .debug_frame   0x00000a0c      0x158 ./Core/Src/stm32f1xx_it.o
 .debug_frame   0x00000b64       0x58 ./Core/Src/system_stm32f1xx.o
 .debug_frame   0x00000bbc      0x334 ./Drivers/STM32F1xx_HAL_Driver/Src/stm32f1xx_hal.o
 .debug_frame   0x00000ef0      0x428 ./Drivers/STM32F1xx_HAL_Driver/Src/stm32f1xx_hal_cortex.o
 .debug_frame   0x00001318      0x208 ./Drivers/STM32F1xx_HAL_Driver/Src/stm32f1xx_hal_dma.o
 .debug_frame   0x00001520      0x20c ./Drivers/STM32F1xx_HAL_Driver/Src/stm32f1xx_hal_flash.o
 .debug_frame   0x0000172c      0x258 ./Drivers/STM32F1xx_HAL_Driver/Src/stm32f1xx_hal_flash_ex.o
 .debug_frame   0x00001984      0x14c ./Drivers/STM32F1xx_HAL_Driver/Src/stm32f1xx_hal_gpio.o
 .debug_frame   0x00001ad0      0x218 ./Drivers/STM32F1xx_HAL_Driver/Src/stm32f1xx_hal_rcc.o
 .debug_frame   0x00001ce8      0x824 ./Drivers/STM32F1xx_HAL_Driver/Src/stm32f1xx_hal_spi.o
 .debug_frame   0x0000250c     0x11b8 ./Drivers/STM32F1xx_HAL_Driver/Src/stm32f1xx_hal_tim.o
 .debug_frame   0x000036c4      0x638 ./Drivers/STM32F1xx_HAL_Driver/Src/stm32f1xx_hal_tim_ex.o
 .debug_frame   0x00003cfc      0x944 ./Drivers/STM32F1xx_HAL_Driver/Src/stm32f1xx_hal_uart.o
 .debug_frame   0x00004640       0x20 D:/ST/STM32CubeIDE_1.19.0/STM32CubeIDE/plugins/com.st.stm32cube.ide.mcu.externaltools.gnu-tools-for-stm32.13.3.rel1.win32_1.0.100.202509120712/tools/bin/../lib/gcc/arm-none-eabi/13.3.1/../../../../arm-none-eabi/lib/thumb/v7-m/nofp\libc_nano.a(libc_a-memset.o)
 .debug_frame   0x00004660       0x2c D:/ST/STM32CubeIDE_1.19.0/STM32CubeIDE/plugins/com.st.stm32cube.ide.mcu.externaltools.gnu-tools-for-stm32.13.3.rel1.win32_1.0.100.202509120712/tools/bin/../lib/gcc/arm-none-eabi/13.3.1/../../../../arm-none-eabi/lib/thumb/v7-m/nofp\libc_nano.a(libc_a-init.o)
 .debug_frame   0x0000468c       0xac D:/ST/STM32CubeIDE_1.19.0/STM32CubeIDE/plugins/com.st.stm32cube.ide.mcu.externaltools.gnu-tools-for-stm32.13.3.rel1.win32_1.0.100.202509120712/tools/bin/../lib/gcc/arm-none-eabi/13.3.1/thumb/v7-m/nofp\libgcc.a(_arm_addsubdf3.o)
 .debug_frame   0x00004738       0x50 D:/ST/STM32CubeIDE_1.19.0/STM32CubeIDE/plugins/com.st.stm32cube.ide.mcu.externaltools.gnu-tools-for-stm32.13.3.rel1.win32_1.0.100.202509120712/tools/bin/../lib/gcc/arm-none-eabi/13.3.1/thumb/v7-m/nofp\libgcc.a(_arm_muldivdf3.o)
 .debug_frame   0x00004788       0x24 D:/ST/STM32CubeIDE_1.19.0/STM32CubeIDE/plugins/com.st.stm32cube.ide.mcu.externaltools.gnu-tools-for-stm32.13.3.rel1.win32_1.0.100.202509120712/tools/bin/../lib/gcc/arm-none-eabi/13.3.1/thumb/v7-m/nofp\libgcc.a(_arm_fixunsdfsi.o)
 .debug_frame   0x000047ac       0x4c D:/ST/STM32CubeIDE_1.19.0/STM32CubeIDE/plugins/com.st.stm32cube.ide.mcu.externaltools.gnu-tools-for-stm32.13.3.rel1.win32_1.0.100.202509120712/tools/bin/../lib/gcc/arm-none-eabi/13.3.1/thumb/v7-m/nofp\libgcc.a(_arm_addsubsf3.o)
 .debug_frame   0x000047f8       0x38 D:/ST/STM32CubeIDE_1.19.0/STM32CubeIDE/plugins/com.st.stm32cube.ide.mcu.externaltools.gnu-tools-for-stm32.13.3.rel1.win32_1.0.100.202509120712/tools/bin/../lib/gcc/arm-none-eabi/13.3.1/thumb/v7-m/nofp\libgcc.a(_arm_muldivsf3.o)
 .debug_frame   0x00004830       0x24 D:/ST/STM32CubeIDE_1.19.0/STM32CubeIDE/plugins/com.st.stm32cube.ide.mcu.externaltools.gnu-tools-for-stm32.13.3.rel1.win32_1.0.100.202509120712/tools/bin/../lib/gcc/arm-none-eabi/13.3.1/thumb/v7-m/nofp\libgcc.a(_arm_fixsfsi.o)

.debug_line_str
                0x00000000       0x57
 .debug_line_str
                0x00000000       0x57 ./Core/Startup/startup_stm32f103c8tx.o
