../Core/Inc/DWT_Delay.h:27:22:DWT_Delay_ms	24	static
../Core/Src/STEPPER.c:67:23:stepper_min_pos	16	static
../Core/Src/STEPPER.c:76:23:stepper_max_pos	16	static
../Core/Src/STEPPER.c:88:6:STEPPERS_Init	40	static
../Core/Src/STEPPER.c:144:6:STEPPERS_Init_TMR	48	static
../Core/Src/STEPPER.c:172:6:STEPPER_SetSpeed	32	static
../Core/Src/STEPPER.c:197:13:STEPPER_One_Step	32	static
../Core/Src/STEPPER.c:254:6:STEPPER_Step_Blocking	24	static
../Core/Src/STEPPER.c:272:6:STEPPER_Step_NonBlocking	32	static
../Core/Src/STEPPER.c:317:6:STEPPER_Stop	16	static
../Core/Src/STEPPER.c:322:6:STEPPER_Main	16	static
../Core/Src/STEPPER.c:341:6:STEPPER_TMR_OVF_ISR	40	static
../Core/Src/STEPPER.c:395:6:STEPPER_GET_STEP	16	static
../Core/Src/STEPPER.c:400:6:STEPPER_GET_STEP_INDEX	16	static
../Core/Src/STEPPER.c:405:6:STEPPER_GET_DIR	16	static
../Core/Src/STEPPER.c:410:6:STEPPER_AUTO_PTZ_CENTER	16	static
../Core/Src/STEPPER.c:459:6:STEPPER_AUTO_FZ_CENTER	8	static
../Core/Src/STEPPER.c:546:9:STEPPER_GetMotorPos	16	static
../Core/Src/STEPPER.c:552:6:STEPPER_SetMotorPos	16	static
